Archive member included to satisfy reference by file (symbol)

../../../../libs/libDaisy/build/libdaisy.a(daisy_seed.o)
                              build/main.o (daisy::DaisySeed::Configure())
../../../../libs/libDaisy/build/libdaisy.a(codec_ak4556.o)
                              ../../../../libs/libDaisy/build/libdaisy.a(daisy_seed.o) (daisy::Ak4556::Init(dsy_gpio_pin))
../../../../libs/libDaisy/build/libdaisy.a(codec_wm8731.o)
                              ../../../../libs/libDaisy/build/libdaisy.a(daisy_seed.o) (daisy::Wm8731::Init(daisy::Wm8731::Config const&, daisy::I2CHandle))
../../../../libs/libDaisy/build/libdaisy.a(sdram.o)
                              ../../../../libs/libDaisy/build/libdaisy.a(daisy_seed.o) (SdramHandle::Init())
../../../../libs/libDaisy/build/libdaisy.a(audio.o)
                              ../../../../libs/libDaisy/build/libdaisy.a(daisy_seed.o) (daisy::AudioHandle::Init(daisy::AudioHandle::Config const&, daisy::SaiHandle))
../../../../libs/libDaisy/build/libdaisy.a(gpio.o)
                              ../../../../libs/libDaisy/build/libdaisy.a(daisy_seed.o) (dsy_gpio_init)
../../../../libs/libDaisy/build/libdaisy.a(i2c.o)
                              ../../../../libs/libDaisy/build/libdaisy.a(daisy_seed.o) (daisy::I2CHandle::Init(daisy::I2CHandle::Config const&))
../../../../libs/libDaisy/build/libdaisy.a(qspi.o)
                              ../../../../libs/libDaisy/build/libdaisy.a(daisy_seed.o) (daisy::QSPIHandle::Init(daisy::QSPIHandle::Config const&))
../../../../libs/libDaisy/build/libdaisy.a(sai.o)
                              ../../../../libs/libDaisy/build/libdaisy.a(daisy_seed.o) (daisy::SaiHandle::Init(daisy::SaiHandle::Config const&))
../../../../libs/libDaisy/build/libdaisy.a(spi.o)
                              build/main.o (daisy::SpiHandle::BlockingTransmit(unsigned char*, unsigned int, unsigned long))
../../../../libs/libDaisy/build/libdaisy.a(uart.o)
                              build/main.o (daisy::UartHandler::Init(daisy::UartHandler::Config const&))
../../../../libs/libDaisy/build/libdaisy.a(system.o)
                              ../../../../libs/libDaisy/build/libdaisy.a(daisy_seed.o) (daisy::System::DeInit())
../../../../libs/libDaisy/build/libdaisy.a(system_stm32h7xx.o)
                              build/startup_stm32h750xx.o (SystemInit)
../../../../libs/libDaisy/build/libdaisy.a(hal_map.o)
                              ../../../../libs/libDaisy/build/libdaisy.a(gpio.o) (dsy_hal_map_get_port)
../../../../libs/libDaisy/build/libdaisy.a(stm32h7xx_hal.o)
                              ../../../../libs/libDaisy/build/libdaisy.a(system.o) (HAL_Init)
../../../../libs/libDaisy/build/libdaisy.a(stm32h7xx_hal_cortex.o)
                              ../../../../libs/libDaisy/build/libdaisy.a(stm32h7xx_hal.o) (HAL_NVIC_SetPriorityGrouping)
../../../../libs/libDaisy/build/libdaisy.a(stm32h7xx_hal_dma.o)
                              ../../../../libs/libDaisy/build/libdaisy.a(i2c.o) (HAL_DMA_Init)
../../../../libs/libDaisy/build/libdaisy.a(stm32h7xx_hal_gpio.o)
                              ../../../../libs/libDaisy/build/libdaisy.a(sdram.o) (HAL_GPIO_Init)
../../../../libs/libDaisy/build/libdaisy.a(stm32h7xx_hal_i2c.o)
                              ../../../../libs/libDaisy/build/libdaisy.a(i2c.o) (HAL_I2C_Init)
../../../../libs/libDaisy/build/libdaisy.a(stm32h7xx_hal_i2c_ex.o)
                              ../../../../libs/libDaisy/build/libdaisy.a(i2c.o) (HAL_I2CEx_ConfigAnalogFilter)
../../../../libs/libDaisy/build/libdaisy.a(stm32h7xx_hal_pwr_ex.o)
                              ../../../../libs/libDaisy/build/libdaisy.a(system.o) (HAL_PWREx_ConfigSupply)
../../../../libs/libDaisy/build/libdaisy.a(stm32h7xx_hal_qspi.o)
                              ../../../../libs/libDaisy/build/libdaisy.a(qspi.o) (HAL_QSPI_Init)
../../../../libs/libDaisy/build/libdaisy.a(stm32h7xx_hal_rcc.o)
                              ../../../../libs/libDaisy/build/libdaisy.a(system.o) (HAL_RCC_OscConfig)
../../../../libs/libDaisy/build/libdaisy.a(stm32h7xx_hal_rcc_ex.o)
                              ../../../../libs/libDaisy/build/libdaisy.a(system.o) (HAL_RCCEx_PeriphCLKConfig)
../../../../libs/libDaisy/build/libdaisy.a(stm32h7xx_hal_sai.o)
                              ../../../../libs/libDaisy/build/libdaisy.a(sai.o) (HAL_SAI_InitProtocol)
../../../../libs/libDaisy/build/libdaisy.a(stm32h7xx_hal_sdram.o)
                              ../../../../libs/libDaisy/build/libdaisy.a(sdram.o) (HAL_SDRAM_Init)
../../../../libs/libDaisy/build/libdaisy.a(stm32h7xx_hal_spi.o)
                              ../../../../libs/libDaisy/build/libdaisy.a(spi.o) (HAL_SPI_Init)
../../../../libs/libDaisy/build/libdaisy.a(stm32h7xx_hal_uart.o)
                              ../../../../libs/libDaisy/build/libdaisy.a(uart.o) (HAL_UART_Transmit)
../../../../libs/libDaisy/build/libdaisy.a(stm32h7xx_hal_uart_ex.o)
[...]
Memory Configuration

Name             Origin             Length             Attributes
FLASH            0x08000000         0x00020000         xr
DTCMRAM          0x20000000         0x00020000         xrw
SRAM             0x24000000         0x00080000         xrw
RAM_D2           0x30000000         0x00048000         xrw
RAM_D3           0x38000000         0x00010000         xrw
ITCMRAM          0x00000000         0x00010000         xrw
SDRAM            0xc0000000         0x04000000         xrw
QSPIFLASH        0x90000000         0x00800000         xr
*default*        0x00000000         0xffffffff

Linker script and memory map

LOAD /Applications/ArmGNUToolchain/13.2.Rel1/arm-none-eabi/bin/../lib/gcc/arm-none-eabi/13.2.1/thumb/v7e-m+dp/hard/crti.o
LOAD /Applications/ArmGNUToolchain/13.2.Rel1/arm-none-eabi/bin/../lib/gcc/arm-none-eabi/13.2.1/thumb/v7e-m+dp/hard/crtbegin.o
LOAD /Applications/ArmGNUToolchain/13.2.Rel1/arm-none-eabi/bin/../lib/gcc/arm-none-eabi/13.2.1/../../../../arm-none-eabi/lib/thumb/v7e-m+dp/hard/crt0.o
LOAD build/startup_stm32h750xx.o
LOAD build/main.o
LOAD ../../../../libs/libDaisy/build/libdaisy.a
LOAD /Applications/ArmGNUToolchain/13.2.Rel1/arm-none-eabi/bin/../lib/gcc/arm-none-eabi/13.2.1/../../../../arm-none-eabi/lib/thumb/v7e-m+dp/hard/libnosys.a
LOAD ../../../../libs/DaisySP/build/libdaisysp.a
LOAD /Applications/ArmGNUToolchain/13.2.Rel1/arm-none-eabi/bin/../lib/gcc/arm-none-eabi/13.2.1/../../../../arm-none-eabi/lib/thumb/v7e-m+dp/hard/libstdc++_nano.a
LOAD /Applications/ArmGNUToolchain/13.2.Rel1/arm-none-eabi/bin/../lib/gcc/arm-none-eabi/13.2.1/../../../../arm-none-eabi/lib/thumb/v7e-m+dp/hard/libm.a
LOAD /Applications/ArmGNUToolchain/13.2.Rel1/arm-none-eabi/bin/../lib/gcc/arm-none-eabi/13.2.1/../../../../arm-none-eabi/lib/thumb/v7e-m+dp/hard/libc_nano.a
START GROUP
LOAD /Applications/ArmGNUToolchain/13.2.Rel1/arm-none-eabi/bin/../lib/gcc/arm-none-eabi/13.2.1/thumb/v7e-m+dp/hard/libgcc.a
LOAD /Applications/ArmGNUToolchain/13.2.Rel1/arm-none-eabi/bin/../lib/gcc/arm-none-eabi/13.2.1/../../../../arm-none-eabi/lib/thumb/v7e-m+dp/hard/libc_nano.a
END GROUP
START GROUP
LOAD /Applications/ArmGNUToolchain/13.2.Rel1/arm-none-eabi/bin/../lib/gcc/arm-none-eabi/13.2.1/thumb/v7e-m+dp/hard/libgcc.a
LOAD /Applications/ArmGNUToolchain/13.2.Rel1/arm-none-eabi/bin/../lib/gcc/arm-none-eabi/13.2.1/../../../../arm-none-eabi/lib/thumb/v7e-m+dp/hard/libc_nano.a
LOAD /Applications/ArmGNUToolchain/13.2.Rel1/arm-none-eabi/bin/../lib/gcc/arm-none-eabi/13.2.1/../../../../arm-none-eabi/lib/thumb/v7e-m+dp/hard/libnosys.a
END GROUP
START GROUP
LOAD /Applications/ArmGNUToolchain/13.2.Rel1/arm-none-eabi/bin/../lib/gcc/arm-none-eabi/13.2.1/thumb/v7e-m+dp/hard/libgcc.a
LOAD /Applications/ArmGNUToolchain/13.2.Rel1/arm-none-eabi/bin/../lib/gcc/arm-none-eabi/13.2.1/../../../../arm-none-eabi/lib/thumb/v7e-m+dp/hard/libc_nano.a
LOAD /Applications/ArmGNUToolchain/13.2.Rel1/arm-none-eabi/bin/../lib/gcc/arm-none-eabi/13.2.1/../../../../arm-none-eabi/lib/thumb/v7e-m+dp/hard/libnosys.a
END GROUP
LOAD /Applications/ArmGNUToolchain/13.2.Rel1/arm-none-eabi/bin/../lib/gcc/arm-none-eabi/13.2.1/thumb/v7e-m+dp/hard/crtend.o
LOAD /Applications/ArmGNUToolchain/13.2.Rel1/arm-none-eabi/bin/../lib/gcc/arm-none-eabi/13.2.1/thumb/v7e-m+dp/hard/crtn.o
                0x20020000                        _estack = 0x20020000

.isr_vector     0x08000000      0x298
                0x08000000                        . = ALIGN (0x4)
 *(.isr_vector)
 .isr_vector    0x08000000      0x298 build/startup_stm32h750xx.o
                0x08000000                g_pfnVectors
                0x08000298                        . = ALIGN (0x4)

.text           0x080002a0    0x11e38
                0x080002a0                        . = ALIGN (0x4)
                0x080002a0                        _stext = .
 *(.text)
 .text          0x080002a0       0xa0 /Applications/ArmGNUToolchain/13.2.Rel1/arm-none-eabi/bin/../lib/gcc/arm-none-eabi/13.2.1/../../../../arm-none-eabi/lib/thumb/v7e-m+dp/hard/libc_nano.a(libc_a-memchr.o)
                0x080002a0                memchr
 .text          0x08000340       0x10 /Applications/ArmGNUToolchain/13.2.Rel1/arm-none-eabi/bin/../lib/gcc/arm-none-eabi/13.2.1/../../../../arm-none-eabi/lib/thumb/v7e-m+dp/hard/libc_nano.a(libc_a-strlen.o)
                0x08000340                strlen
 .text          0x08000350       0x14 /Applications/ArmGNUToolchain/13.2.Rel1/arm-none-eabi/bin/../lib/gcc/arm-none-eabi/13.2.1/../../../../arm-none-eabi/lib/thumb/v7e-m+dp/hard/libc_nano.a(libc_a-strcmp.o)
                0x08000350                strcmp
 .text          0x08000364      0x378 /Applications/ArmGNUToolchain/13.2.Rel1/arm-none-eabi/bin/../lib/gcc/arm-none-eabi/13.2.1/thumb/v7e-m+dp/hard/libgcc.a(_arm_addsubdf3.o)
                0x08000364                __aeabi_drsub
                0x0800036c                __subdf3
                0x0800036c                __aeabi_dsub
                0x08000370                __aeabi_dadd
                0x08000370                __adddf3
                0x080005e8                __aeabi_ui2d
                0x080005e8                __floatunsidf
                0x08000608                __floatsidf
                0x08000608                __aeabi_i2d
                0x0800062c                __extendsfdf2
                0x0800062c                __aeabi_f2d
                0x08000670                __aeabi_ul2d
                0x08000670                __floatundidf
                0x08000680                __aeabi_l2d
                0x08000680                __floatdidf
 .text          0x080006dc       0x30 /Applications/ArmGNUToolchain/13.2.Rel1/arm-none-eabi/bin/../lib/gcc/arm-none-eabi/13.2.1/thumb/v7e-m+dp/hard/libgcc.a(_aeabi_uldivmod.o)
                0x080006dc                __aeabi_uldivmod
 .text          0x0800070c        0x4 /Applications/ArmGNUToolchain/13.2.Rel1/arm-none-eabi/bin/../lib/gcc/arm-none-eabi/13.2.1/thumb/v7e-m+dp/hard/libgcc.a(_dvmd_tls.o)
                0x0800070c                __aeabi_ldiv0
                0x0800070c                __aeabi_idiv0
 *(.text*)
 .text.deregister_tm_clones
                0x08000710       0x1c /Applications/ArmGNUToolchain/13.2.Rel1/arm-none-eabi/bin/../lib/gcc/arm-none-eabi/13.2.1/thumb/v7e-m+dp/hard/crtbegin.o
 .text.register_tm_clones
                0x0800072c       0x24 /Applications/ArmGNUToolchain/13.2.Rel1/arm-none-eabi/bin/../lib/gcc/arm-none-eabi/13.2.1/thumb/v7e-m+dp/hard/crtbegin.o
 .text.__do_global_dtors_aux
                0x08000750       0x28 /Applications/ArmGNUToolchain/13.2.Rel1/arm-none-eabi/bin/../lib/gcc/arm-none-eabi/13.2.1/thumb/v7e-m+dp/hard/crtbegin.o
 .text.frame_dummy
                0x08000778       0x24 /Applications/ArmGNUToolchain/13.2.Rel1/arm-none-eabi/bin/../lib/gcc/arm-none-eabi/13.2.1/thumb/v7e-m+dp/hard/crtbegin.o
 .text.Reset_Handler
                0x0800079c       0x48 build/startup_stm32h750xx.o
                0x0800079c                Reset_Handler
 .text.Default_Handler
                0x080007e4        0x4 build/startup_stm32h750xx.o
                0x080007e4                SAI1_IRQHandler
                0x080007e4                HASH_RNG_IRQHandler
                0x080007e4                EXTI2_IRQHandler
                0x080007e4                TIM8_CC_IRQHandler
                0x080007e4                HRTIM1_Master_IRQHandler
                0x080007e4                DebugMon_Handler
                0x080007e4                SPI4_IRQHandler
                0x080007e4                TIM1_CC_IRQHandler
                0x080007e4                BDMA_Channel6_IRQHandler
                0x080007e4                DMA2_Stream5_IRQHandler
                0x080007e4                HRTIM1_FLT_IRQHandler
                0x080007e4                JPEG_IRQHandler
                0x080007e4                BDMA_Channel1_IRQHandler
                0x080007e4                HRTIM1_TIMD_IRQHandler
                0x080007e4                TAMP_STAMP_IRQHandler
                0x080007e4                PendSV_Handler
                0x080007e4                NMI_Handler
                0x080007e4                EXTI3_IRQHandler
                0x080007e4                LPTIM4_IRQHandler
                0x080007e4                TIM8_TRG_COM_TIM14_IRQHandler
                0x080007e4                LPTIM2_IRQHandler
                0x080007e4                DFSDM1_FLT1_IRQHandler
                0x080007e4                DMAMUX2_OVR_IRQHandler
                0x080007e4                TIM8_UP_TIM13_IRQHandler
                0x080007e4                I2C3_ER_IRQHandler
                0x080007e4                DFSDM1_FLT2_IRQHandler
                0x080007e4                MDMA_IRQHandler
                0x080007e4                LPTIM3_IRQHandler
                0x080007e4                HSEM1_IRQHandler
                0x080007e4                EXTI0_IRQHandler
                0x080007e4                DMA1_Stream2_IRQHandler
                0x080007e4                FPU_IRQHandler
                0x080007e4                OTG_HS_WKUP_IRQHandler
                0x080007e4                FDCAN1_IT1_IRQHandler
                0x080007e4                UsageFault_Handler
                0x080007e4                LTDC_ER_IRQHandler
                0x080007e4                DMA2_Stream2_IRQHandler
                0x080007e4                HRTIM1_TIME_IRQHandler
                0x080007e4                TIM6_DAC_IRQHandler
                0x080007e4                DCMI_IRQHandler
                0x080007e4                HRTIM1_TIMC_IRQHandler
                0x080007e4                DMA2_Stream3_IRQHandler
                0x080007e4                SAI2_IRQHandler
                0x080007e4                DFSDM1_FLT3_IRQHandler
                0x080007e4                TIM17_IRQHandler
                0x080007e4                BDMA_Channel7_IRQHandler
                0x080007e4                CRYP_IRQHandler
                0x080007e4                LPTIM5_IRQHandler
                0x080007e4                ADC3_IRQHandler
                0x080007e4                DMA2_Stream0_IRQHandler
                0x080007e4                TIM4_IRQHandler
                0x080007e4                BDMA_Channel2_IRQHandler
                0x080007e4                DMAMUX1_OVR_IRQHandler
                0x080007e4                TIM16_IRQHandler
                0x080007e4                BDMA_Channel5_IRQHandler
                0x080007e4                TIM3_IRQHandler
                0x080007e4                RCC_IRQHandler
                0x080007e4                TIM8_BRK_TIM12_IRQHandler
                0x080007e4                TIM1_TRG_COM_IRQHandler
                0x080007e4                Default_Handler
                0x080007e4                ECC_IRQHandler
                0x080007e4                CEC_IRQHandler
                0x080007e4                EXTI15_10_IRQHandler
                0x080007e4                BDMA_Channel0_IRQHandler
                0x080007e4                ADC_IRQHandler
                0x080007e4                HRTIM1_TIMA_IRQHandler
                0x080007e4                SPI5_IRQHandler
                0x080007e4                TIM7_IRQHandler
                0x080007e4                SDMMC1_IRQHandler
                0x080007e4                TIM5_IRQHandler
                0x080007e4                DMA2_Stream7_IRQHandler
                0x080007e4                TIM15_IRQHandler
                0x080007e4                PVD_AVD_IRQHandler
                0x080007e4                EXTI9_5_IRQHandler
                0x080007e4                RTC_WKUP_IRQHandler
                0x080007e4                LTDC_IRQHandler
                0x080007e4                SAI3_IRQHandler
                0x080007e4                ETH_WKUP_IRQHandler
                0x080007e4                SPDIF_RX_IRQHandler
                0x080007e4                SPI2_IRQHandler
                0x080007e4                OTG_HS_EP1_IN_IRQHandler
                0x080007e4                MemManage_Handler
                0x080007e4                SVC_Handler
                0x080007e4                CRS_IRQHandler
                0x080007e4                EXTI4_IRQHandler
                0x080007e4                HRTIM1_TIMB_IRQHandler
                0x080007e4                FDCAN2_IT1_IRQHandler
                0x080007e4                ETH_IRQHandler
                0x080007e4                TIM1_UP_IRQHandler
                0x080007e4                BDMA_Channel4_IRQHandler
                0x080007e4                OTG_HS_EP1_OUT_IRQHandler
                0x080007e4                WWDG_IRQHandler
                0x080007e4                SPI6_IRQHandler
                0x080007e4                MDIOS_IRQHandler
                0x080007e4                I2C4_EV_IRQHandler
                0x080007e4                FDCAN2_IT0_IRQHandler
                0x080007e4                FDCAN1_IT0_IRQHandler
                0x080007e4                TIM2_IRQHandler
                0x080007e4                OTG_FS_WKUP_IRQHandler
                0x080007e4                OTG_HS_IRQHandler
                0x080007e4                DMA2D_IRQHandler
                0x080007e4                TIM1_BRK_IRQHandler
                0x080007e4                EXTI1_IRQHandler
                0x080007e4                SDMMC2_IRQHandler
                0x080007e4                OTG_FS_EP1_OUT_IRQHandler
                0x080007e4                BDMA_Channel3_IRQHandler
                0x080007e4                MDIOS_WKUP_IRQHandler
                0x080007e4                DFSDM1_FLT0_IRQHandler
                0x080007e4                SAI4_IRQHandler
                0x080007e4                I2C2_ER_IRQHandler
                0x080007e4                DMA2_Stream1_IRQHandler
                0x080007e4                FLASH_IRQHandler
                0x080007e4                DMA2_Stream4_IRQHandler
                0x080007e4                BusFault_Handler
                0x080007e4                OTG_FS_IRQHandler
                0x080007e4                SPI3_IRQHandler
                0x080007e4                WAKEUP_PIN_IRQHandler
                0x080007e4                OTG_FS_EP1_IN_IRQHandler
                0x080007e4                I2C1_ER_IRQHandler
                0x080007e4                FMC_IRQHandler
                0x080007e4                FDCAN_CAL_IRQHandler
                0x080007e4                SWPMI1_IRQHandler
                0x080007e4                COMP1_IRQHandler
                0x080007e4                LPTIM1_IRQHandler
                0x080007e4                I2C4_ER_IRQHandler
                0x080007e4                DMA2_Stream6_IRQHandler
                0x080007e4                RTC_Alarm_IRQHandler
 .text._ZSt3cosf
                0x080007e8       0x20 build/main.o
                0x080007e8                std::cos(float)
 .text._ZSt3sinf
                0x08000808       0x20 build/main.o
                0x08000808                std::sin(float)
 .text._ZnwjPv  0x08000828       0x18 build/main.o
                0x08000828                operator new(unsigned int, void*)
 .text._ZSt16__deque_buf_sizej
                0x08000840       0x2a build/main.o
                0x08000840                std::__deque_buf_size(unsigned int)
 .text._ZN5daisy6SystemC2Ev
                0x0800086a       0x16 build/main.o
                0x0800086a                daisy::System::System()
                0x0800086a                daisy::System::System()
 .text._ZN5daisy6SystemD2Ev
                0x08000880       0x16 build/main.o
                0x08000880                daisy::System::~System()
                0x08000880                daisy::System::~System()
 .text._ZN5daisy10QSPIHandleC2Ev
                0x08000896       0x1c build/main.o
                0x08000896                daisy::QSPIHandle::QSPIHandle()
                0x08000896                daisy::QSPIHandle::QSPIHandle()
 .text._ZN5daisy9DacHandleC2Ev
                0x080008b2       0x1c build/main.o
                0x080008b2                daisy::DacHandle::DacHandle()
                0x080008b2                daisy::DacHandle::DacHandle()
 .text._ZN5daisy11AudioHandleC2Ev
                0x080008ce       0x1c build/main.o
                0x080008ce                daisy::AudioHandle::AudioHandle()
                0x080008ce                daisy::AudioHandle::AudioHandle()
 .text._ZN5daisy11AudioHandleD2Ev
                0x080008ea       0x16 build/main.o
                0x080008ea                daisy::AudioHandle::~AudioHandle()
                0x080008ea                daisy::AudioHandle::~AudioHandle()
 .text._ZN5daisy9AdcHandleC2Ev
                0x08000900       0x16 build/main.o
                0x08000900                daisy::AdcHandle::AdcHandle()
                0x08000900                daisy::AdcHandle::AdcHandle()
 .text._ZN5daisy9AdcHandleD2Ev
                0x08000916       0x16 build/main.o
                0x08000916                daisy::AdcHandle::~AdcHandle()
                0x08000916                daisy::AdcHandle::~AdcHandle()
 .text._ZN5daisy11UartHandlerC2Ev
                0x0800092c       0x1c build/main.o
                0x0800092c                daisy::UartHandler::UartHandler()
                0x0800092c                daisy::UartHandler::UartHandler()
 .text._ZN5daisy9UsbHandleC2Ev
                0x08000948       0x16 build/main.o
                0x08000948                daisy::UsbHandle::UsbHandle()
                0x08000948                daisy::UsbHandle::UsbHandle()
 .text._ZN5daisy9UsbHandleD2Ev
                0x0800095e       0x16 build/main.o
                0x0800095e                daisy::UsbHandle::~UsbHandle()
                0x0800095e                daisy::UsbHandle::~UsbHandle()
 .text._ZN5daisy9SpiHandleC2Ev
                0x08000974       0x1c build/main.o
                0x08000974                daisy::SpiHandle::SpiHandle()
                0x08000974                daisy::SpiHandle::SpiHandle()
 .text._ZN5daisy9RectangleC2Ev
                0x08000990       0x2e build/main.o
                0x08000990                daisy::Rectangle::Rectangle()
                0x08000990                daisy::Rectangle::Rectangle()
 .text._ZN5daisy9RectangleC2Ess
                0x080009be       0x52 build/main.o
                0x080009be                daisy::Rectangle::Rectangle(short, short)
                0x080009be                daisy::Rectangle::Rectangle(short, short)
 .text._ZN5daisy9RectangleC2Essss
                0x08000a10       0x5c build/main.o
                0x08000a10                daisy::Rectangle::Rectangle(short, short, short, short)
                0x08000a10                daisy::Rectangle::Rectangle(short, short, short, short)
 .text._ZNK5daisy9Rectangle4GetXEv
                0x08000a6c       0x1a build/main.o
                0x08000a6c                daisy::Rectangle::GetX() const
 .text._ZNK5daisy9Rectangle4GetYEv
                0x08000a86       0x1a build/main.o
                0x08000a86                daisy::Rectangle::GetY() const
 .text._ZNK5daisy9Rectangle8GetRightEv
                0x08000aa0       0x2a build/main.o
                0x08000aa0                daisy::Rectangle::GetRight() const
 .text._ZNK5daisy9Rectangle9GetBottomEv
                0x08000aca       0x2a build/main.o
                0x08000aca                daisy::Rectangle::GetBottom() const
 .text._ZNK5daisy9Rectangle10GetCenterXEv
                0x08000af4       0x34 build/main.o
                0x08000af4                daisy::Rectangle::GetCenterX() const
 .text._ZNK5daisy9Rectangle10GetCenterYEv
                0x08000b28       0x34 build/main.o
                0x08000b28                daisy::Rectangle::GetCenterY() const
 .text._ZNK5daisy9Rectangle13AlignedWithinERKS0_NS_9AlignmentE
                0x08000b5c      0x2cc build/main.o
                0x08000b5c                daisy::Rectangle::AlignedWithin(daisy::Rectangle const&, daisy::Alignment) const
 .text._ZN5daisy9Rectangle3maxEss
                0x08000e28       0x32 build/main.o
                0x08000e28                daisy::Rectangle::max(short, short)
 *fill*         0x08000e5a        0x2 
 .text._ZN5daisy21OneBitGraphicsDisplayC2Ev
                0x08000e5c       0x20 build/main.o
                0x08000e5c                daisy::OneBitGraphicsDisplay::OneBitGraphicsDisplay()
                0x08000e5c                daisy::OneBitGraphicsDisplay::OneBitGraphicsDisplay()
 .text._ZN5daisy21OneBitGraphicsDisplayD2Ev
                0x08000e7c       0x20 build/main.o
                0x08000e7c                daisy::OneBitGraphicsDisplay::~OneBitGraphicsDisplay()
                0x08000e7c                daisy::OneBitGraphicsDisplay::~OneBitGraphicsDisplay()
 .text._ZN5daisy21OneBitGraphicsDisplayD0Ev
                0x08000e9c       0x20 build/main.o
                0x08000e9c                daisy::OneBitGraphicsDisplay::~OneBitGraphicsDisplay()
 .text._ZN5daisy21OneBitGraphicsDisplay9SetCursorEtt
                0x08000ebc       0x78 build/main.o
                0x08000ebc                daisy::OneBitGraphicsDisplay::SetCursor(unsigned short, unsigned short)
 .text._ZN5daisy9DaisySeedC2Ev
                0x08000f34       0x4c build/main.o
                0x08000f34                daisy::DaisySeed::DaisySeed()
                0x08000f34                daisy::DaisySeed::DaisySeed()
 .text._ZN5daisy9DaisySeedD2Ev
                0x08000f80       0x3a build/main.o
                0x08000f80                daisy::DaisySeed::~DaisySeed()
                0x08000f80                daisy::DaisySeed::~DaisySeed()
 .text._ZN5daisy24SSD130x4WireSpiTransport11SendCommandEh
                0x08000fba       0x2c build/main.o
                0x08000fba                daisy::SSD130x4WireSpiTransport::SendCommand(unsigned char)
 .text._ZN5daisy24SSD130x4WireSpiTransport8SendDataEPhj
                0x08000fe6       0x2c build/main.o
                0x08000fe6                daisy::SSD130x4WireSpiTransport::SendData(unsigned char*, unsigned int)
 .text._ZNSt12_Vector_baseIhSaIhEE12_Vector_implD2Ev
                0x08001012       0x1c build/main.o
                0x08001012                std::_Vector_base<unsigned char, std::allocator<unsigned char> >::_Vector_impl::~_Vector_impl()
                0x08001012                std::_Vector_base<unsigned char, std::allocator<unsigned char> >::_Vector_impl::~_Vector_impl()
 .text._ZNSt12_Vector_baseIhSaIhEEC2Ev
                0x0800102e       0x1a build/main.o
                0x0800102e                std::_Vector_base<unsigned char, std::allocator<unsigned char> >::_Vector_base()
                0x0800102e                std::_Vector_base<unsigned char, std::allocator<unsigned char> >::_Vector_base()
 .text._ZNSt6vectorIhSaIhEEC2Ev
                0x08001048       0x1a build/main.o
                0x08001048                std::vector<unsigned char, std::allocator<unsigned char> >::vector()
                0x08001048                std::vector<unsigned char, std::allocator<unsigned char> >::vector()
 .text._ZN2ol2ioL14int64_to_bytesEx
                0x08001062       0x6e build/main.o
 .text._ZN2ol2ioL14bytes_to_int64ESt6vectorIhSaIhEE
                0x080010d0       0x84 build/main.o
 .text._ZN2ol2io10SerializerC2Ev
                0x08001154       0x20 build/main.o
                0x08001154                ol::io::Serializer::Serializer()
                0x08001154                ol::io::Serializer::Serializer()
 .text._ZN2ol2io12DeserializerC2Ev
                0x08001174       0x20 build/main.o
                0x08001174                ol::io::Deserializer::Deserializer()
                0x08001174                ol::io::Deserializer::Deserializer()
 .text._ZNSt12_Vector_baseIPN2ol2io15ControlListenerESaIS3_EE12_Vector_implD2Ev
                0x08001194       0x1c build/main.o
                0x08001194                std::_Vector_base<ol::io::ControlListener*, std::allocator<ol::io::ControlListener*> >::_Vector_impl::~_Vector_impl()
                0x08001194                std::_Vector_base<ol::io::ControlListener*, std::allocator<ol::io::ControlListener*> >::_Vector_impl::~_Vector_impl()
 .text._ZNSt12_Vector_baseIPN2ol2io15ControlListenerESaIS3_EEC2Ev
                0x080011b0       0x1a build/main.o
                0x080011b0                std::_Vector_base<ol::io::ControlListener*, std::allocator<ol::io::ControlListener*> >::_Vector_base()
                0x080011b0                std::_Vector_base<ol::io::ControlListener*, std::allocator<ol::io::ControlListener*> >::_Vector_base()
 .text._ZNSt6vectorIPN2ol2io15ControlListenerESaIS3_EEC2Ev
                0x080011ca       0x1a build/main.o
                0x080011ca                std::vector<ol::io::ControlListener*, std::allocator<ol::io::ControlListener*> >::vector()
                0x080011ca                std::vector<ol::io::ControlListener*, std::allocator<ol::io::ControlListener*> >::vector()
 .text._ZN2ol2io16SimpleSerializerC2ERNS0_6SerialE
                0x080011e4       0xb4 build/main.o
                0x080011e4                ol::io::SimpleSerializer::SimpleSerializer(ol::io::Serial&)
                0x080011e4                ol::io::SimpleSerializer::SimpleSerializer(ol::io::Serial&)
 .text._ZN2ol2io16SimpleSerializer5ResetEv
                0x08001298       0x56 build/main.o
                0x08001298                ol::io::SimpleSerializer::Reset()
 .text._ZN2ol2io16SimpleSerializer7ProcessEv
                0x080012ee      0x260 build/main.o
                0x080012ee                ol::io::SimpleSerializer::Process()
 *fill*         0x0800154e        0x2 
 .text._ZN2ol2io16SimpleSerializer16SerializeControlENS_3ctl7ControlERSt6vectorIhSaIhEE
                0x08001550      0x184 build/main.o
                0x08001550                ol::io::SimpleSerializer::SerializeControl(ol::ctl::Control, std::vector<unsigned char, std::allocator<unsigned char> >&)
 .text._ZN2ol2io16SimpleSerializer12WriteControlENS_3ctl7ControlE
                0x080016d4       0x94 build/main.o
                0x080016d4                ol::io::SimpleSerializer::WriteControl(ol::ctl::Control)
 .text._ZN2ol2io16SimpleSerializer18AddControlListenerERNS0_15ControlListenerE
                0x08001768       0x2e build/main.o
                0x08001768                ol::io::SimpleSerializer::AddControlListener(ol::io::ControlListener&)
                0x08001790                non-virtual thunk to ol::io::SimpleSerializer::AddControlListener(ol::io::ControlListener&)
 .text._ZN2ol2io16SimpleSerializer4ReadEPh
                0x08001796       0x1c build/main.o
                0x08001796                ol::io::SimpleSerializer::Read(unsigned char*)
                0x080017ac                non-virtual thunk to ol::io::SimpleSerializer::Read(unsigned char*)
 *fill*         0x080017b2        0x2 
 .text._ZN2ol2io6SerialC2Ev
                0x080017b4       0x20 build/main.o
                0x080017b4                ol::io::Serial::Serial()
                0x080017b4                ol::io::Serial::Serial()
 .text._ZN8ol_daisy2io11DaisySerialC2ERN5daisy11UartHandlerE
                0x080017d4       0x48 build/main.o
                0x080017d4                ol_daisy::io::DaisySerial::DaisySerial(daisy::UartHandler&)
                0x080017d4                ol_daisy::io::DaisySerial::DaisySerial(daisy::UartHandler&)
 .text._ZN8ol_daisy2io11DaisySerial5PrintERKNSt7__cxx1112basic_stringIcSt11char_traitsIcESaIcEEE
                0x0800181c       0x94 build/main.o
                0x0800181c                ol_daisy::io::DaisySerial::Print(std::__cxx11::basic_string<char, std::char_traits<char>, std::allocator<char> > const&)
 .text._ZN8ol_daisy2io11DaisySerial6PrintfEPKcz
                0x080018b0       0x28 build/main.o
                0x080018b0                ol_daisy::io::DaisySerial::Printf(char const*, ...)
 .text._ZN8ol_daisy2io11DaisySerial7PrintfVEPKcSt9__va_list
                0x080018d8       0x60 build/main.o
                0x080018d8                ol_daisy::io::DaisySerial::PrintfV(char const*, std::__va_list)
 .text._ZN8ol_daisy2io11DaisySerial5WriteEPKcj
                0x08001938       0x26 build/main.o
                0x08001938                ol_daisy::io::DaisySerial::Write(char const*, unsigned int)
 .text._ZN8ol_daisy2io11DaisySerial5WriteEPKhj
                0x0800195e       0x76 build/main.o
                0x0800195e                ol_daisy::io::DaisySerial::Write(unsigned char const*, unsigned int)
 .text._ZN8ol_daisy2io11DaisySerial5WriteESt6vectorIhSaIhEEj
                0x080019d4       0xa6 build/main.o
                0x080019d4                ol_daisy::io::DaisySerial::Write(std::vector<unsigned char, std::allocator<unsigned char> >, unsigned int)
 .text._ZN8ol_daisy2io11DaisySerial9AvailableEv
                0x08001a7a       0x1c build/main.o
                0x08001a7a                ol_daisy::io::DaisySerial::Available()
 .text._ZN8ol_daisy2io11DaisySerial4ReadEv
                0x08001a96       0x1c build/main.o
                0x08001a96                ol_daisy::io::DaisySerial::Read()
 .text._ZNSt5dequeIN2ol3ctl7ControlESaIS2_EEC2Ev
                0x08001ab2       0x1a build/main.o
                0x08001ab2                std::deque<ol::ctl::Control, std::allocator<ol::ctl::Control> >::deque()
                0x08001ab2                std::deque<ol::ctl::Control, std::allocator<ol::ctl::Control> >::deque()
 .text._ZN17MyControlListener13HandleControlEN2ol3ctl7ControlE
                0x08001acc       0x30 build/main.o
                0x08001acc                MyControlListener::HandleControl(ol::ctl::Control)
 .text.main     0x08001afc      0x178 build/main.o
                0x08001afc                main
 .text._ZNSt12_Vector_baseIhSaIhEE12_Vector_implC2Ev
                0x08001c74       0x22 build/main.o
                0x08001c74                std::_Vector_base<unsigned char, std::allocator<unsigned char> >::_Vector_impl::_Vector_impl()
                0x08001c74                std::_Vector_base<unsigned char, std::allocator<unsigned char> >::_Vector_impl::_Vector_impl()
 .text._ZNSt12_Vector_baseIhSaIhEED2Ev
                0x08001c96       0x30 build/main.o
                0x08001c96                std::_Vector_base<unsigned char, std::allocator<unsigned char> >::~_Vector_base()
                0x08001c96                std::_Vector_base<unsigned char, std::allocator<unsigned char> >::~_Vector_base()
 .text._ZNSt6vectorIhSaIhEED2Ev
                0x08001cc6       0x3c build/main.o
                0x08001cc6                std::vector<unsigned char, std::allocator<unsigned char> >::~vector()
                0x08001cc6                std::vector<unsigned char, std::allocator<unsigned char> >::~vector()
 .text._ZNSt6vectorIhSaIhEE15_S_use_relocateEv
                0x08001d02       0x16 build/main.o
                0x08001d02                std::vector<unsigned char, std::allocator<unsigned char> >::_S_use_relocate()
 .text._ZNSt6vectorIhSaIhEE19_S_nothrow_relocateESt17integral_constantIbLb1EE
                0x08001d18       0x16 build/main.o
                0x08001d18                std::vector<unsigned char, std::allocator<unsigned char> >::_S_nothrow_relocate(std::integral_constant<bool, true>)
 *fill*         0x08001d2e        0x2 
 .text._ZNSt6vectorIhSaIhEE7reserveEj
                0x08001d30      0x100 build/main.o
                0x08001d30                std::vector<unsigned char, std::allocator<unsigned char> >::reserve(unsigned int)
 .text._ZNSt6vectorIhSaIhEE9push_backEOh
                0x08001e30       0x22 build/main.o
                0x08001e30                std::vector<unsigned char, std::allocator<unsigned char> >::push_back(unsigned char&&)
 .text._ZNKSt6vectorIhSaIhEE4sizeEv
                0x08001e52       0x1e build/main.o
                0x08001e52                std::vector<unsigned char, std::allocator<unsigned char> >::size() const
 .text._ZNSt6vectorIhSaIhEEixEj
                0x08001e70       0x1e build/main.o
                0x08001e70                std::vector<unsigned char, std::allocator<unsigned char> >::operator[](unsigned int)
 .text._ZNSt12_Vector_baseIPN2ol2io15ControlListenerESaIS3_EE12_Vector_implC2Ev
                0x08001e8e       0x22 build/main.o
                0x08001e8e                std::_Vector_base<ol::io::ControlListener*, std::allocator<ol::io::ControlListener*> >::_Vector_impl::_Vector_impl()
                0x08001e8e                std::_Vector_base<ol::io::ControlListener*, std::allocator<ol::io::ControlListener*> >::_Vector_impl::_Vector_impl()
 .text._ZNSt12_Vector_baseIPN2ol2io15ControlListenerESaIS3_EED2Ev
                0x08001eb0       0x32 build/main.o
                0x08001eb0                std::_Vector_base<ol::io::ControlListener*, std::allocator<ol::io::ControlListener*> >::~_Vector_base()
                0x08001eb0                std::_Vector_base<ol::io::ControlListener*, std::allocator<ol::io::ControlListener*> >::~_Vector_base()
 .text._ZNSt6vectorIPN2ol2io15ControlListenerESaIS3_EED2Ev
                0x08001ee2       0x3c build/main.o
                0x08001ee2                std::vector<ol::io::ControlListener*, std::allocator<ol::io::ControlListener*> >::~vector()
                0x08001ee2                std::vector<ol::io::ControlListener*, std::allocator<ol::io::ControlListener*> >::~vector()
 .text._ZNSt6vectorIhSaIhEE5clearEv
                0x08001f1e       0x1c build/main.o
                0x08001f1e                std::vector<unsigned char, std::allocator<unsigned char> >::clear()
 .text._ZNSt6vectorIhSaIhEE9push_backERKh
                0x08001f3a       0x78 build/main.o
                0x08001f3a                std::vector<unsigned char, std::allocator<unsigned char> >::push_back(unsigned char const&)
 .text._ZNSt6vectorIhSaIhEEC2ERKS1_
                0x08001fb2       0x8a build/main.o
                0x08001fb2                std::vector<unsigned char, std::allocator<unsigned char> >::vector(std::vector<unsigned char, std::allocator<unsigned char> > const&)
                0x08001fb2                std::vector<unsigned char, std::allocator<unsigned char> >::vector(std::vector<unsigned char, std::allocator<unsigned char> > const&)
 .text._ZNSt6vectorIPN2ol2io15ControlListenerESaIS3_EE5beginEv
                0x0800203c       0x20 build/main.o
                0x0800203c                std::vector<ol::io::ControlListener*, std::allocator<ol::io::ControlListener*> >::begin()
 .text._ZNSt6vectorIPN2ol2io15ControlListenerESaIS3_EE3endEv
                0x0800205c       0x22 build/main.o
                0x0800205c                std::vector<ol::io::ControlListener*, std::allocator<ol::io::ControlListener*> >::end()
 .text._ZN9__gnu_cxxneIPPN2ol2io15ControlListenerESt6vectorIS4_SaIS4_EEEEbRKNS_17__normal_iteratorIT_T0_EESE_
                0x0800207e       0x30 build/main.o
                0x0800207e                bool __gnu_cxx::operator!=<ol::io::ControlListener**, std::vector<ol::io::ControlListener*, std::allocator<ol::io::ControlListener*> > >(__gnu_cxx::__normal_iterator<ol::io::ControlListener**, std::vector<ol::io::ControlListener*, std::allocator<ol::io::ControlListener*> > > const&, __gnu_cxx::__normal_iterator<ol::io::ControlListener**, std::vector<ol::io::ControlListener*, std::allocator<ol::io::ControlListener*> > > const&)
 .text._ZN9__gnu_cxx17__normal_iteratorIPPN2ol2io15ControlListenerESt6vectorIS4_SaIS4_EEEppEv
                0x080020ae       0x20 build/main.o
                0x080020ae                __gnu_cxx::__normal_iterator<ol::io::ControlListener**, std::vector<ol::io::ControlListener*, std::allocator<ol::io::ControlListener*> > >::operator++()
 .text._ZNK9__gnu_cxx17__normal_iteratorIPPN2ol2io15ControlListenerESt6vectorIS4_SaIS4_EEEdeEv
                0x080020ce       0x18 build/main.o
                0x080020ce                __gnu_cxx::__normal_iterator<ol::io::ControlListener**, std::vector<ol::io::ControlListener*, std::allocator<ol::io::ControlListener*> > >::operator*() const
 .text._ZNSt6vectorIhSaIhEE3endEv
                0x080020e6       0x22 build/main.o
                0x080020e6                std::vector<unsigned char, std::allocator<unsigned char> >::end()
 .text._ZNSt6vectorIhSaIhEE5beginEv
                0x08002108       0x20 build/main.o
                0x08002108                std::vector<unsigned char, std::allocator<unsigned char> >::begin()
 .text._ZN9__gnu_cxx17__normal_iteratorIPKhSt6vectorIhSaIhEEEC2IPhvEERKNS0_IT_S5_EE
                0x08002128       0x22 build/main.o
                0x08002128                __gnu_cxx::__normal_iterator<unsigned char const*, std::vector<unsigned char, std::allocator<unsigned char> > >::__normal_iterator<unsigned char*, void>(__gnu_cxx::__normal_iterator<unsigned char*, std::vector<unsigned char, std::allocator<unsigned char> > > const&)
                0x08002128                __gnu_cxx::__normal_iterator<unsigned char const*, std::vector<unsigned char, std::allocator<unsigned char> > >::__normal_iterator<unsigned char*, void>(__gnu_cxx::__normal_iterator<unsigned char*, std::vector<unsigned char, std::allocator<unsigned char> > > const&)
 .text._ZNSt6vectorIhSaIhEE6insertIN9__gnu_cxx17__normal_iteratorIPhS1_EEvEES6_NS4_IPKhS1_EET_SA_
                0x0800214a       0x72 build/main.o
                0x0800214a                __gnu_cxx::__normal_iterator<unsigned char*, std::vector<unsigned char, std::allocator<unsigned char> > > std::vector<unsigned char, std::allocator<unsigned char> >::insert<__gnu_cxx::__normal_iterator<unsigned char*, std::vector<unsigned char, std::allocator<unsigned char> > >, void>(__gnu_cxx::__normal_iterator<unsigned char const*, std::vector<unsigned char, std::allocator<unsigned char> > >, __gnu_cxx::__normal_iterator<unsigned char*, std::vector<unsigned char, std::allocator<unsigned char> > >, __gnu_cxx::__normal_iterator<unsigned char*, std::vector<unsigned char, std::allocator<unsigned char> > >)
 .text._ZNSt6vectorIPN2ol2io15ControlListenerESaIS3_EE9push_backEOS3_
                0x080021bc       0x22 build/main.o
                0x080021bc                std::vector<ol::io::ControlListener*, std::allocator<ol::io::ControlListener*> >::push_back(ol::io::ControlListener*&&)
 .text._ZN5daisy24SSD130x4WireSpiTransportC2Ev
                0x080021de       0x1a build/main.o
                0x080021de                daisy::SSD130x4WireSpiTransport::SSD130x4WireSpiTransport()
                0x080021de                daisy::SSD130x4WireSpiTransport::SSD130x4WireSpiTransport()
 .text._ZN5daisy13SSD130xDriverILj128ELj64ENS_24SSD130x4WireSpiTransportEEC2Ev
                0x080021f8       0x1a build/main.o
                0x080021f8                daisy::SSD130xDriver<128u, 64u, daisy::SSD130x4WireSpiTransport>::SSD130xDriver()
                0x080021f8                daisy::SSD130xDriver<128u, 64u, daisy::SSD130x4WireSpiTransport>::SSD130xDriver()
 *fill*         0x08002212        0x2 
 .text._ZN5daisy11OledDisplayINS_13SSD130xDriverILj128ELj64ENS_24SSD130x4WireSpiTransportEEEEC2Ev
                0x08002214       0x30 build/main.o
                0x08002214                daisy::OledDisplay<daisy::SSD130xDriver<128u, 64u, daisy::SSD130x4WireSpiTransport> >::OledDisplay()
                0x08002214                daisy::OledDisplay<daisy::SSD130xDriver<128u, 64u, daisy::SSD130x4WireSpiTransport> >::OledDisplay()
 .text._ZNSt11_Deque_baseIN2ol3ctl7ControlESaIS2_EE11_Deque_implD2Ev
                0x08002244       0x1c build/main.o
                0x08002244                std::_Deque_base<ol::ctl::Control, std::allocator<ol::ctl::Control> >::_Deque_impl::~_Deque_impl()
                0x08002244                std::_Deque_base<ol::ctl::Control, std::allocator<ol::ctl::Control> >::_Deque_impl::~_Deque_impl()
 .text._ZNSt11_Deque_baseIN2ol3ctl7ControlESaIS2_EEC2Ev
                0x08002260       0x22 build/main.o
                0x08002260                std::_Deque_base<ol::ctl::Control, std::allocator<ol::ctl::Control> >::_Deque_base()
                0x08002260                std::_Deque_base<ol::ctl::Control, std::allocator<ol::ctl::Control> >::_Deque_base()
 .text._ZNSt11_Deque_baseIN2ol3ctl7ControlESaIS2_EED2Ev
                0x08002282       0x44 build/main.o
                0x08002282                std::_Deque_base<ol::ctl::Control, std::allocator<ol::ctl::Control> >::~_Deque_base()
                0x08002282                std::_Deque_base<ol::ctl::Control, std::allocator<ol::ctl::Control> >::~_Deque_base()
 .text._ZNSt5dequeIN2ol3ctl7ControlESaIS2_EE9push_backERKS2_
                0x080022c6       0x74 build/main.o
                0x080022c6                std::deque<ol::ctl::Control, std::allocator<ol::ctl::Control> >::push_back(ol::ctl::Control const&)
 .text._ZNKSt5dequeIN2ol3ctl7ControlESaIS2_EE5emptyEv
                0x0800233a       0x24 build/main.o
                0x0800233a                std::deque<ol::ctl::Control, std::allocator<ol::ctl::Control> >::empty() const
 .text._ZNSt5dequeIN2ol3ctl7ControlESaIS2_EE5frontEv
                0x0800235e       0x28 build/main.o
                0x0800235e                std::deque<ol::ctl::Control, std::allocator<ol::ctl::Control> >::front()
 .text._ZNSt5dequeIN2ol3ctl7ControlESaIS2_EE9pop_frontEv
                0x08002386       0x50 build/main.o
                0x08002386                std::deque<ol::ctl::Control, std::allocator<ol::ctl::Control> >::pop_front()
 .text._ZNSt15__new_allocatorIcED2Ev
                0x080023d6       0x16 build/main.o
                0x080023d6                std::__new_allocator<char>::~__new_allocator()
                0x080023d6                std::__new_allocator<char>::~__new_allocator()
 .text._ZNSt12_Vector_baseIhSaIhEE17_Vector_impl_dataC2Ev
                0x080023ec       0x28 build/main.o
                0x080023ec                std::_Vector_base<unsigned char, std::allocator<unsigned char> >::_Vector_impl_data::_Vector_impl_data()
                0x080023ec                std::_Vector_base<unsigned char, std::allocator<unsigned char> >::_Vector_impl_data::_Vector_impl_data()
 .text._ZNSt15__new_allocatorIhED2Ev
                0x08002414       0x16 build/main.o
                0x08002414                std::__new_allocator<unsigned char>::~__new_allocator()
                0x08002414                std::__new_allocator<unsigned char>::~__new_allocator()
 .text._ZNSt12_Vector_baseIhSaIhEE13_M_deallocateEPhj
                0x0800242a       0x32 build/main.o
                0x0800242a                std::_Vector_base<unsigned char, std::allocator<unsigned char> >::_M_deallocate(unsigned char*, unsigned int)
 .text._ZNSt12_Vector_baseIhSaIhEE19_M_get_Tp_allocatorEv
                0x0800245c       0x16 build/main.o
                0x0800245c                std::_Vector_base<unsigned char, std::allocator<unsigned char> >::_M_get_Tp_allocator()
 .text._ZNKSt6vectorIhSaIhEE8max_sizeEv
                0x08002472       0x22 build/main.o
                0x08002472                std::vector<unsigned char, std::allocator<unsigned char> >::max_size() const
 .text._ZNKSt6vectorIhSaIhEE8capacityEv
                0x08002494       0x1e build/main.o
                0x08002494                std::vector<unsigned char, std::allocator<unsigned char> >::capacity() const
 .text._ZNSt12_Vector_baseIhSaIhEE11_M_allocateEj
                0x080024b2       0x32 build/main.o
                0x080024b2                std::_Vector_base<unsigned char, std::allocator<unsigned char> >::_M_allocate(unsigned int)
 .text._ZNSt6vectorIhSaIhEE11_S_relocateEPhS2_S2_RS0_
                0x080024e4       0x28 build/main.o
                0x080024e4                std::vector<unsigned char, std::allocator<unsigned char> >::_S_relocate(unsigned char*, unsigned char*, unsigned char*, std::allocator<unsigned char>&)
 .text._ZSt32__make_move_if_noexcept_iteratorIhSt13move_iteratorIPhEET0_PT_
                0x0800250c       0x1e build/main.o
                0x0800250c                std::move_iterator<unsigned char*> std::__make_move_if_noexcept_iterator<unsigned char, std::move_iterator<unsigned char*> >(unsigned char*)
 .text._ZNSt6vectorIhSaIhEE20_M_allocate_and_copyISt13move_iteratorIPhEEES4_jT_S6_
                0x0800252a       0x38 build/main.o
                0x0800252a                unsigned char* std::vector<unsigned char, std::allocator<unsigned char> >::_M_allocate_and_copy<std::move_iterator<unsigned char*> >(unsigned int, std::move_iterator<unsigned char*>, std::move_iterator<unsigned char*>)
 .text._ZSt4moveIRhEONSt16remove_referenceIT_E4typeEOS2_
                0x08002562       0x16 build/main.o
                0x08002562                std::remove_reference<unsigned char&>::type&& std::move<unsigned char&>(unsigned char&)
 .text._ZNSt6vectorIhSaIhEE12emplace_backIJhEEEvDpOT_
                0x08002578       0x86 build/main.o
                0x08002578                void std::vector<unsigned char, std::allocator<unsigned char> >::emplace_back<unsigned char>(unsigned char&&)
 .text._ZNSt12_Vector_baseIPN2ol2io15ControlListenerESaIS3_EE17_Vector_impl_dataC2Ev
                0x080025fe       0x28 build/main.o
                0x080025fe                std::_Vector_base<ol::io::ControlListener*, std::allocator<ol::io::ControlListener*> >::_Vector_impl_data::_Vector_impl_data()
                0x080025fe                std::_Vector_base<ol::io::ControlListener*, std::allocator<ol::io::ControlListener*> >::_Vector_impl_data::_Vector_impl_data()
 .text._ZNSt15__new_allocatorIPN2ol2io15ControlListenerEED2Ev
                0x08002626       0x16 build/main.o
                0x08002626                std::__new_allocator<ol::io::ControlListener*>::~__new_allocator()
                0x08002626                std::__new_allocator<ol::io::ControlListener*>::~__new_allocator()
 .text._ZNSt12_Vector_baseIPN2ol2io15ControlListenerESaIS3_EE13_M_deallocateEPS3_j
                0x0800263c       0x32 build/main.o
                0x0800263c                std::_Vector_base<ol::io::ControlListener*, std::allocator<ol::io::ControlListener*> >::_M_deallocate(ol::io::ControlListener**, unsigned int)
 .text._ZNSt12_Vector_baseIPN2ol2io15ControlListenerESaIS3_EE19_M_get_Tp_allocatorEv
                0x0800266e       0x16 build/main.o
                0x0800266e                std::_Vector_base<ol::io::ControlListener*, std::allocator<ol::io::ControlListener*> >::_M_get_Tp_allocator()
 .text._ZNSt6vectorIhSaIhEE15_M_erase_at_endEPh
                0x08002684       0x48 build/main.o
                0x08002684                std::vector<unsigned char, std::allocator<unsigned char> >::_M_erase_at_end(unsigned char*)
 .text._ZNSt6vectorIhSaIhEE17_M_realloc_insertIJRKhEEEvN9__gnu_cxx17__normal_iteratorIPhS1_EEDpOT_
                0x080026cc      0x1a4 build/main.o
                0x080026cc                void std::vector<unsigned char, std::allocator<unsigned char> >::_M_realloc_insert<unsigned char const&>(__gnu_cxx::__normal_iterator<unsigned char*, std::vector<unsigned char, std::allocator<unsigned char> > >, unsigned char const&)
 .text._ZNKSt12_Vector_baseIhSaIhEE19_M_get_Tp_allocatorEv
                0x08002870       0x16 build/main.o
                0x08002870                std::_Vector_base<unsigned char, std::allocator<unsigned char> >::_M_get_Tp_allocator() const
 .text._ZNSt12_Vector_baseIhSaIhEEC2EjRKS0_
                0x08002886       0x28 build/main.o
                0x08002886                std::_Vector_base<unsigned char, std::allocator<unsigned char> >::_Vector_base(unsigned int, std::allocator<unsigned char> const&)
                0x08002886                std::_Vector_base<unsigned char, std::allocator<unsigned char> >::_Vector_base(unsigned int, std::allocator<unsigned char> const&)
 .text._ZNKSt6vectorIhSaIhEE5beginEv
                0x080028ae       0x20 build/main.o
                0x080028ae                std::vector<unsigned char, std::allocator<unsigned char> >::begin() const
 .text._ZNKSt6vectorIhSaIhEE3endEv
                0x080028ce       0x22 build/main.o
                0x080028ce                std::vector<unsigned char, std::allocator<unsigned char> >::end() const
 .text._ZSt22__uninitialized_copy_aIN9__gnu_cxx17__normal_iteratorIPKhSt6vectorIhSaIhEEEEPhhET0_T_SA_S9_RSaIT1_E
                0x080028f0       0x22 build/main.o
                0x080028f0                unsigned char* std::__uninitialized_copy_a<__gnu_cxx::__normal_iterator<unsigned char const*, std::vector<unsigned char, std::allocator<unsigned char> > >, unsigned char*, unsigned char>(__gnu_cxx::__normal_iterator<unsigned char const*, std::vector<unsigned char, std::allocator<unsigned char> > >, __gnu_cxx::__normal_iterator<unsigned char const*, std::vector<unsigned char, std::allocator<unsigned char> > >, unsigned char*, std::allocator<unsigned char>&)
 .text._ZN9__gnu_cxx17__normal_iteratorIPPN2ol2io15ControlListenerESt6vectorIS4_SaIS4_EEEC2ERKS5_
                0x08002912       0x20 build/main.o
                0x08002912                __gnu_cxx::__normal_iterator<ol::io::ControlListener**, std::vector<ol::io::ControlListener*, std::allocator<ol::io::ControlListener*> > >::__normal_iterator(ol::io::ControlListener** const&)
                0x08002912                __gnu_cxx::__normal_iterator<ol::io::ControlListener**, std::vector<ol::io::ControlListener*, std::allocator<ol::io::ControlListener*> > >::__normal_iterator(ol::io::ControlListener** const&)
 .text._ZNK9__gnu_cxx17__normal_iteratorIPPN2ol2io15ControlListenerESt6vectorIS4_SaIS4_EEE4baseEv
                0x08002932       0x16 build/main.o
                0x08002932                __gnu_cxx::__normal_iterator<ol::io::ControlListener**, std::vector<ol::io::ControlListener*, std::allocator<ol::io::ControlListener*> > >::base() const
 .text._ZN9__gnu_cxx17__normal_iteratorIPhSt6vectorIhSaIhEEEC2ERKS1_
                0x08002948       0x20 build/main.o
                0x08002948                __gnu_cxx::__normal_iterator<unsigned char*, std::vector<unsigned char, std::allocator<unsigned char> > >::__normal_iterator(unsigned char* const&)
                0x08002948                __gnu_cxx::__normal_iterator<unsigned char*, std::vector<unsigned char, std::allocator<unsigned char> > >::__normal_iterator(unsigned char* const&)
 .text._ZNK9__gnu_cxx17__normal_iteratorIPhSt6vectorIhSaIhEEE4baseEv
                0x08002968       0x16 build/main.o
                0x08002968                __gnu_cxx::__normal_iterator<unsigned char*, std::vector<unsigned char, std::allocator<unsigned char> > >::base() const
 .text._ZNKSt6vectorIhSaIhEE6cbeginEv
                0x0800297e       0x20 build/main.o
                0x0800297e                std::vector<unsigned char, std::allocator<unsigned char> >::cbegin() const
 .text._ZN9__gnu_cxxmiIPKhSt6vectorIhSaIhEEEENS_17__normal_iteratorIT_T0_E15difference_typeERKS9_SC_
                0x0800299e       0x28 build/main.o
                0x0800299e                __gnu_cxx::__normal_iterator<unsigned char const*, std::vector<unsigned char, std::allocator<unsigned char> > >::difference_type __gnu_cxx::operator-<unsigned char const*, std::vector<unsigned char, std::allocator<unsigned char> > >(__gnu_cxx::__normal_iterator<unsigned char const*, std::vector<unsigned char, std::allocator<unsigned char> > > const&, __gnu_cxx::__normal_iterator<unsigned char const*, std::vector<unsigned char, std::allocator<unsigned char> > > const&)
 .text._ZNK9__gnu_cxx17__normal_iteratorIPhSt6vectorIhSaIhEEEplEi
                0x080029c6       0x2e build/main.o
                0x080029c6                __gnu_cxx::__normal_iterator<unsigned char*, std::vector<unsigned char, std::allocator<unsigned char> > >::operator+(int) const
 .text._ZNSt6vectorIhSaIhEE15_M_range_insertIN9__gnu_cxx17__normal_iteratorIPhS1_EEEEvS6_T_S7_St20forward_iterator_tag
                0x080029f4      0x24c build/main.o
                0x080029f4                void std::vector<unsigned char, std::allocator<unsigned char> >::_M_range_insert<__gnu_cxx::__normal_iterator<unsigned char*, std::vector<unsigned char, std::allocator<unsigned char> > > >(__gnu_cxx::__normal_iterator<unsigned char*, std::vector<unsigned char, std::allocator<unsigned char> > >, __gnu_cxx::__normal_iterator<unsigned char*, std::vector<unsigned char, std::allocator<unsigned char> > >, __gnu_cxx::__normal_iterator<unsigned char*, std::vector<unsigned char, std::allocator<unsigned char> > >, std::forward_iterator_tag)
 .text._ZSt4moveIRPN2ol2io15ControlListenerEEONSt16remove_referenceIT_E4typeEOS6_
                0x08002c40       0x16 build/main.o
                0x08002c40                std::remove_reference<ol::io::ControlListener*&>::type&& std::move<ol::io::ControlListener*&>(ol::io::ControlListener*&)
 .text._ZNSt6vectorIPN2ol2io15ControlListenerESaIS3_EE12emplace_backIJS3_EEEvDpOT_
                0x08002c56       0x86 build/main.o
                0x08002c56                void std::vector<ol::io::ControlListener*, std::allocator<ol::io::ControlListener*> >::emplace_back<ol::io::ControlListener*>(ol::io::ControlListener*&&)
 .text._ZN5daisy25OneBitGraphicsDisplayImplINS_11OledDisplayINS_13SSD130xDriverILj128ELj64ENS_24SSD130x4WireSpiTransportEEEEEEC2Ev
                0x08002cdc       0x24 build/main.o
                0x08002cdc                daisy::OneBitGraphicsDisplayImpl<daisy::OledDisplay<daisy::SSD130xDriver<128u, 64u, daisy::SSD130x4WireSpiTransport> > >::OneBitGraphicsDisplayImpl()
                0x08002cdc                daisy::OneBitGraphicsDisplayImpl<daisy::OledDisplay<daisy::SSD130xDriver<128u, 64u, daisy::SSD130x4WireSpiTransport> > >::OneBitGraphicsDisplayImpl()
 .text._ZN5daisy25OneBitGraphicsDisplayImplINS_11OledDisplayINS_13SSD130xDriverILj128ELj64ENS_24SSD130x4WireSpiTransportEEEEEED2Ev
                0x08002d00       0x24 build/main.o
                0x08002d00                daisy::OneBitGraphicsDisplayImpl<daisy::OledDisplay<daisy::SSD130xDriver<128u, 64u, daisy::SSD130x4WireSpiTransport> > >::~OneBitGraphicsDisplayImpl()
                0x08002d00                daisy::OneBitGraphicsDisplayImpl<daisy::OledDisplay<daisy::SSD130xDriver<128u, 64u, daisy::SSD130x4WireSpiTransport> > >::~OneBitGraphicsDisplayImpl()
 .text._ZN5daisy25OneBitGraphicsDisplayImplINS_11OledDisplayINS_13SSD130xDriverILj128ELj64ENS_24SSD130x4WireSpiTransportEEEEEED0Ev
                0x08002d24       0x20 build/main.o
                0x08002d24                daisy::OneBitGraphicsDisplayImpl<daisy::OledDisplay<daisy::SSD130xDriver<128u, 64u, daisy::SSD130x4WireSpiTransport> > >::~OneBitGraphicsDisplayImpl()
 .text._ZNSt11_Deque_baseIN2ol3ctl7ControlESaIS2_EE11_Deque_implC2Ev
                0x08002d44       0x22 build/main.o
                0x08002d44                std::_Deque_base<ol::ctl::Control, std::allocator<ol::ctl::Control> >::_Deque_impl::_Deque_impl()
                0x08002d44                std::_Deque_base<ol::ctl::Control, std::allocator<ol::ctl::Control> >::_Deque_impl::_Deque_impl()
 .text._ZNSt11_Deque_baseIN2ol3ctl7ControlESaIS2_EE17_M_initialize_mapEj
                0x08002d66       0xc6 build/main.o
                0x08002d66                std::_Deque_base<ol::ctl::Control, std::allocator<ol::ctl::Control> >::_M_initialize_map(unsigned int)
 .text._ZNSt11_Deque_baseIN2ol3ctl7ControlESaIS2_EE16_M_destroy_nodesEPPS2_S6_
                0x08002e2c       0x36 build/main.o
                0x08002e2c                std::_Deque_base<ol::ctl::Control, std::allocator<ol::ctl::Control> >::_M_destroy_nodes(ol::ctl::Control**, ol::ctl::Control**)
 .text._ZNSt11_Deque_baseIN2ol3ctl7ControlESaIS2_EE17_M_deallocate_mapEPPS2_j
                0x08002e62       0x42 build/main.o
                0x08002e62                std::_Deque_base<ol::ctl::Control, std::allocator<ol::ctl::Control> >::_M_deallocate_map(ol::ctl::Control**, unsigned int)
 .text._ZNSt5dequeIN2ol3ctl7ControlESaIS2_EE16_M_push_back_auxIJRKS2_EEEvDpOT_
                0x08002ea4       0xb4 build/main.o
                0x08002ea4                void std::deque<ol::ctl::Control, std::allocator<ol::ctl::Control> >::_M_push_back_aux<ol::ctl::Control const&>(ol::ctl::Control const&)
 .text._ZSteqRKSt15_Deque_iteratorIN2ol3ctl7ControlERS2_PS2_ES7_
                0x08002f58       0x28 build/main.o
                0x08002f58                std::operator==(std::_Deque_iterator<ol::ctl::Control, ol::ctl::Control&, ol::ctl::Control*> const&, std::_Deque_iterator<ol::ctl::Control, ol::ctl::Control&, ol::ctl::Control*> const&)
 .text._ZNSt5dequeIN2ol3ctl7ControlESaIS2_EE5beginEv
                0x08002f80       0x1e build/main.o
                0x08002f80                std::deque<ol::ctl::Control, std::allocator<ol::ctl::Control> >::begin()
 .text._ZNKSt15_Deque_iteratorIN2ol3ctl7ControlERS2_PS2_EdeEv
                0x08002f9e       0x18 build/main.o
                0x08002f9e                std::_Deque_iterator<ol::ctl::Control, ol::ctl::Control&, ol::ctl::Control*>::operator*() const
 .text._ZNSt11_Deque_baseIN2ol3ctl7ControlESaIS2_EE19_M_get_Tp_allocatorEv
                0x08002fb6       0x16 build/main.o
                0x08002fb6                std::_Deque_base<ol::ctl::Control, std::allocator<ol::ctl::Control> >::_M_get_Tp_allocator()
 .text._ZNSt5dequeIN2ol3ctl7ControlESaIS2_EE16_M_pop_front_auxEv
                0x08002fcc       0x58 build/main.o
                0x08002fcc                std::deque<ol::ctl::Control, std::allocator<ol::ctl::Control> >::_M_pop_front_aux()
 .text._ZSt8_DestroyIPhEvT_S1_
                0x08003024       0x1a build/main.o
                0x08003024                void std::_Destroy<unsigned char*>(unsigned char*, unsigned char*)
 .text._ZNSt6vectorIhSaIhEE11_S_max_sizeERKS0_
                0x0800303e       0x40 build/main.o
                0x0800303e                std::vector<unsigned char, std::allocator<unsigned char> >::_S_max_size(std::allocator<unsigned char> const&)
 .text._ZNSt6vectorIhSaIhEE14_S_do_relocateEPhS2_S2_RS0_St17integral_constantIbLb1EE
                0x0800307e       0x24 build/main.o
                0x0800307e                std::vector<unsigned char, std::allocator<unsigned char> >::_S_do_relocate(unsigned char*, unsigned char*, unsigned char*, std::allocator<unsigned char>&, std::integral_constant<bool, true>)
 .text._ZNSt13move_iteratorIPhEC2ES0_
                0x080030a2       0x24 build/main.o
                0x080030a2                std::move_iterator<unsigned char*>::move_iterator(unsigned char*)
                0x080030a2                std::move_iterator<unsigned char*>::move_iterator(unsigned char*)
 .text._ZSt22__uninitialized_copy_aISt13move_iteratorIPhES1_hET0_T_S4_S3_RSaIT1_E
                0x080030c6       0x22 build/main.o
                0x080030c6                unsigned char* std::__uninitialized_copy_a<std::move_iterator<unsigned char*>, unsigned char*, unsigned char>(std::move_iterator<unsigned char*>, std::move_iterator<unsigned char*>, unsigned char*, std::allocator<unsigned char>&)
 .text._ZSt7forwardIhEOT_RNSt16remove_referenceIS0_E4typeE
                0x080030e8       0x16 build/main.o
                0x080030e8                unsigned char&& std::forward<unsigned char>(std::remove_reference<unsigned char>::type&)
 *fill*         0x080030fe        0x2 
 .text._ZNSt6vectorIhSaIhEE17_M_realloc_insertIJhEEEvN9__gnu_cxx17__normal_iteratorIPhS1_EEDpOT_
                0x08003100      0x1a4 build/main.o
                0x08003100                void std::vector<unsigned char, std::allocator<unsigned char> >::_M_realloc_insert<unsigned char>(__gnu_cxx::__normal_iterator<unsigned char*, std::vector<unsigned char, std::allocator<unsigned char> > >, unsigned char&&)
 .text._ZSt8_DestroyIPPN2ol2io15ControlListenerEEvT_S5_
                0x080032a4       0x1a build/main.o
                0x080032a4                void std::_Destroy<ol::io::ControlListener**>(ol::io::ControlListener**, ol::io::ControlListener**)
 .text._ZSt7forwardIRKhEOT_RNSt16remove_referenceIS2_E4typeE
                0x080032be       0x16 build/main.o
                0x080032be                unsigned char const& std::forward<unsigned char const&>(std::remove_reference<unsigned char const&>::type&)
 .text._ZNKSt6vectorIhSaIhEE12_M_check_lenEjPKc
                0x080032d4       0x8e build/main.o
                0x080032d4                std::vector<unsigned char, std::allocator<unsigned char> >::_M_check_len(unsigned int, char const*) const
 .text._ZN9__gnu_cxxmiIPhSt6vectorIhSaIhEEEENS_17__normal_iteratorIT_T0_E15difference_typeERKS8_SB_
                0x08003362       0x28 build/main.o
                0x08003362                __gnu_cxx::__normal_iterator<unsigned char*, std::vector<unsigned char, std::allocator<unsigned char> > >::difference_type __gnu_cxx::operator-<unsigned char*, std::vector<unsigned char, std::allocator<unsigned char> > >(__gnu_cxx::__normal_iterator<unsigned char*, std::vector<unsigned char, std::allocator<unsigned char> > > const&, __gnu_cxx::__normal_iterator<unsigned char*, std::vector<unsigned char, std::allocator<unsigned char> > > const&)
 .text._ZSt34__uninitialized_move_if_noexcept_aIPhS0_SaIhEET0_T_S3_S2_RT1_
                0x0800338a       0x32 build/main.o
                0x0800338a                unsigned char* std::__uninitialized_move_if_noexcept_a<unsigned char*, unsigned char*, std::allocator<unsigned char> >(unsigned char*, unsigned char*, unsigned char*, std::allocator<unsigned char>&)
 .text._ZNSt12_Vector_baseIhSaIhEE12_Vector_implC2ERKS0_
                0x080033bc       0x2c build/main.o
                0x080033bc                std::_Vector_base<unsigned char, std::allocator<unsigned char> >::_Vector_impl::_Vector_impl(std::allocator<unsigned char> const&)
                0x080033bc                std::_Vector_base<unsigned char, std::allocator<unsigned char> >::_Vector_impl::_Vector_impl(std::allocator<unsigned char> const&)
 .text._ZNSt12_Vector_baseIhSaIhEE17_M_create_storageEj
                0x080033e8       0x34 build/main.o
                0x080033e8                std::_Vector_base<unsigned char, std::allocator<unsigned char> >::_M_create_storage(unsigned int)
 .text._ZN9__gnu_cxx17__normal_iteratorIPKhSt6vectorIhSaIhEEEC2ERKS2_
                0x0800341c       0x20 build/main.o
                0x0800341c                __gnu_cxx::__normal_iterator<unsigned char const*, std::vector<unsigned char, std::allocator<unsigned char> > >::__normal_iterator(unsigned char const* const&)
                0x0800341c                __gnu_cxx::__normal_iterator<unsigned char const*, std::vector<unsigned char, std::allocator<unsigned char> > >::__normal_iterator(unsigned char const* const&)
 .text._ZSt18uninitialized_copyIN9__gnu_cxx17__normal_iteratorIPKhSt6vectorIhSaIhEEEEPhET0_T_SA_S9_
                0x0800343c       0x28 build/main.o
                0x0800343c                unsigned char* std::uninitialized_copy<__gnu_cxx::__normal_iterator<unsigned char const*, std::vector<unsigned char, std::allocator<unsigned char> > >, unsigned char*>(__gnu_cxx::__normal_iterator<unsigned char const*, std::vector<unsigned char, std::allocator<unsigned char> > >, __gnu_cxx::__normal_iterator<unsigned char const*, std::vector<unsigned char, std::allocator<unsigned char> > >, unsigned char*)
 .text._ZNK9__gnu_cxx17__normal_iteratorIPKhSt6vectorIhSaIhEEE4baseEv
                0x08003464       0x16 build/main.o
                0x08003464                __gnu_cxx::__normal_iterator<unsigned char const*, std::vector<unsigned char, std::allocator<unsigned char> > >::base() const
 .text._ZN9__gnu_cxxneIPhSt6vectorIhSaIhEEEEbRKNS_17__normal_iteratorIT_T0_EESA_
                0x0800347a       0x30 build/main.o
                0x0800347a                bool __gnu_cxx::operator!=<unsigned char*, std::vector<unsigned char, std::allocator<unsigned char> > >(__gnu_cxx::__normal_iterator<unsigned char*, std::vector<unsigned char, std::allocator<unsigned char> > > const&, __gnu_cxx::__normal_iterator<unsigned char*, std::vector<unsigned char, std::allocator<unsigned char> > > const&)
 .text._ZSt22__uninitialized_move_aIPhS0_SaIhEET0_T_S3_S2_RT1_
                0x080034aa       0x32 build/main.o
                0x080034aa                unsigned char* std::__uninitialized_move_a<unsigned char*, unsigned char*, std::allocator<unsigned char> >(unsigned char*, unsigned char*, unsigned char*, std::allocator<unsigned char>&)
 .text._ZSt13move_backwardIPhS0_ET0_T_S2_S1_
                0x080034dc       0x30 build/main.o
                0x080034dc                unsigned char* std::move_backward<unsigned char*, unsigned char*>(unsigned char*, unsigned char*, unsigned char*)
 .text._ZSt4copyIN9__gnu_cxx17__normal_iteratorIPhSt6vectorIhSaIhEEEES6_ET0_T_S8_S7_
                0x0800350c       0x30 build/main.o
                0x0800350c                __gnu_cxx::__normal_iterator<unsigned char*, std::vector<unsigned char, std::allocator<unsigned char> > > std::copy<__gnu_cxx::__normal_iterator<unsigned char*, std::vector<unsigned char, std::allocator<unsigned char> > >, __gnu_cxx::__normal_iterator<unsigned char*, std::vector<unsigned char, std::allocator<unsigned char> > > >(__gnu_cxx::__normal_iterator<unsigned char*, std::vector<unsigned char, std::allocator<unsigned char> > >, __gnu_cxx::__normal_iterator<unsigned char*, std::vector<unsigned char, std::allocator<unsigned char> > >, __gnu_cxx::__normal_iterator<unsigned char*, std::vector<unsigned char, std::allocator<unsigned char> > >)
 .text._ZSt22__uninitialized_copy_aIN9__gnu_cxx17__normal_iteratorIPhSt6vectorIhSaIhEEEES2_hET0_T_S8_S7_RSaIT1_E
                0x0800353c       0x22 build/main.o
                0x0800353c                unsigned char* std::__uninitialized_copy_a<__gnu_cxx::__normal_iterator<unsigned char*, std::vector<unsigned char, std::allocator<unsigned char> > >, unsigned char*, unsigned char>(__gnu_cxx::__normal_iterator<unsigned char*, std::vector<unsigned char, std::allocator<unsigned char> > >, __gnu_cxx::__normal_iterator<unsigned char*, std::vector<unsigned char, std::allocator<unsigned char> > >, unsigned char*, std::allocator<unsigned char>&)
 .text._ZSt7forwardIPN2ol2io15ControlListenerEEOT_RNSt16remove_referenceIS4_E4typeE
                0x0800355e       0x16 build/main.o
                0x0800355e                ol::io::ControlListener*&& std::forward<ol::io::ControlListener*>(std::remove_reference<ol::io::ControlListener*>::type&)
 .text._ZNSt6vectorIPN2ol2io15ControlListenerESaIS3_EE15_S_use_relocateEv
                0x08003574       0x16 build/main.o
                0x08003574                std::vector<ol::io::ControlListener*, std::allocator<ol::io::ControlListener*> >::_S_use_relocate()
 .text._ZNSt6vectorIPN2ol2io15ControlListenerESaIS3_EE19_S_nothrow_relocateESt17integral_constantIbLb1EE
                0x0800358a       0x16 build/main.o
                0x0800358a                std::vector<ol::io::ControlListener*, std::allocator<ol::io::ControlListener*> >::_S_nothrow_relocate(std::integral_constant<bool, true>)
 .text._ZNSt6vectorIPN2ol2io15ControlListenerESaIS3_EE17_M_realloc_insertIJS3_EEEvN9__gnu_cxx17__normal_iteratorIPS3_S5_EEDpOT_
                0x080035a0      0x1ac build/main.o
                0x080035a0                void std::vector<ol::io::ControlListener*, std::allocator<ol::io::ControlListener*> >::_M_realloc_insert<ol::io::ControlListener*>(__gnu_cxx::__normal_iterator<ol::io::ControlListener**, std::vector<ol::io::ControlListener*, std::allocator<ol::io::ControlListener*> > >, ol::io::ControlListener*&&)
 .text._ZNSt11_Deque_baseIN2ol3ctl7ControlESaIS2_EE16_Deque_impl_dataC2Ev
                0x0800374c       0x32 build/main.o
                0x0800374c                std::_Deque_base<ol::ctl::Control, std::allocator<ol::ctl::Control> >::_Deque_impl_data::_Deque_impl_data()
                0x0800374c                std::_Deque_base<ol::ctl::Control, std::allocator<ol::ctl::Control> >::_Deque_impl_data::_Deque_impl_data()
 .text._ZNSt15__new_allocatorIN2ol3ctl7ControlEED2Ev
                0x0800377e       0x16 build/main.o
                0x0800377e                std::__new_allocator<ol::ctl::Control>::~__new_allocator()
                0x0800377e                std::__new_allocator<ol::ctl::Control>::~__new_allocator()
 .text._ZSt3maxIjERKT_S2_S2_
                0x08003794       0x28 build/main.o
                0x08003794                unsigned int const& std::max<unsigned int>(unsigned int const&, unsigned int const&)
 .text._ZNSt11_Deque_baseIN2ol3ctl7ControlESaIS2_EE15_M_allocate_mapEj
                0x080037bc       0x42 build/main.o
                0x080037bc                std::_Deque_base<ol::ctl::Control, std::allocator<ol::ctl::Control> >::_M_allocate_map(unsigned int)
 .text._ZNSt11_Deque_baseIN2ol3ctl7ControlESaIS2_EE15_M_create_nodesEPPS2_S6_
                0x080037fe       0x36 build/main.o
                0x080037fe                std::_Deque_base<ol::ctl::Control, std::allocator<ol::ctl::Control> >::_M_create_nodes(ol::ctl::Control**, ol::ctl::Control**)
 .text._ZNSt15_Deque_iteratorIN2ol3ctl7ControlERS2_PS2_E11_M_set_nodeEPS4_
                0x08003834       0x32 build/main.o
                0x08003834                std::_Deque_iterator<ol::ctl::Control, ol::ctl::Control&, ol::ctl::Control*>::_M_set_node(ol::ctl::Control**)
 .text._ZNSt11_Deque_baseIN2ol3ctl7ControlESaIS2_EE18_M_deallocate_nodeEPS2_
                0x08003866       0x30 build/main.o
                0x08003866                std::_Deque_base<ol::ctl::Control, std::allocator<ol::ctl::Control> >::_M_deallocate_node(ol::ctl::Control*)
 .text._ZNKSt11_Deque_baseIN2ol3ctl7ControlESaIS2_EE20_M_get_map_allocatorEv
                0x08003896       0x26 build/main.o
                0x08003896                std::_Deque_base<ol::ctl::Control, std::allocator<ol::ctl::Control> >::_M_get_map_allocator() const
 .text._ZSt7forwardIRKN2ol3ctl7ControlEEOT_RNSt16remove_referenceIS5_E4typeE
                0x080038bc       0x16 build/main.o
                0x080038bc                ol::ctl::Control const& std::forward<ol::ctl::Control const&>(std::remove_reference<ol::ctl::Control const&>::type&)
 .text._ZNKSt5dequeIN2ol3ctl7ControlESaIS2_EE4sizeEv
                0x080038d2       0x24 build/main.o
                0x080038d2                std::deque<ol::ctl::Control, std::allocator<ol::ctl::Control> >::size() const
 .text._ZNKSt5dequeIN2ol3ctl7ControlESaIS2_EE8max_sizeEv
                0x080038f6       0x22 build/main.o
                0x080038f6                std::deque<ol::ctl::Control, std::allocator<ol::ctl::Control> >::max_size() const
 .text._ZNSt5dequeIN2ol3ctl7ControlESaIS2_EE22_M_reserve_map_at_backEj
                0x08003918       0x36 build/main.o
                0x08003918                std::deque<ol::ctl::Control, std::allocator<ol::ctl::Control> >::_M_reserve_map_at_back(unsigned int)
 .text._ZNSt11_Deque_baseIN2ol3ctl7ControlESaIS2_EE16_M_allocate_nodeEv
                0x0800394e       0x2c build/main.o
                0x0800394e                std::_Deque_base<ol::ctl::Control, std::allocator<ol::ctl::Control> >::_M_allocate_node()
 .text._ZNSt15_Deque_iteratorIN2ol3ctl7ControlERS2_PS2_EC2ERKS5_
                0x0800397a       0x38 build/main.o
                0x0800397a                std::_Deque_iterator<ol::ctl::Control, ol::ctl::Control&, ol::ctl::Control*>::_Deque_iterator(std::_Deque_iterator<ol::ctl::Control, ol::ctl::Control&, ol::ctl::Control*> const&)
                0x0800397a                std::_Deque_iterator<ol::ctl::Control, ol::ctl::Control&, ol::ctl::Control*>::_Deque_iterator(std::_Deque_iterator<ol::ctl::Control, ol::ctl::Control&, ol::ctl::Control*> const&)
 .text._ZNSt15__new_allocatorIhE10deallocateEPhj
                0x080039b2       0x1c build/main.o
                0x080039b2                std::__new_allocator<unsigned char>::deallocate(unsigned char*, unsigned int)
 .text._ZNSt12_Destroy_auxILb1EE9__destroyIPhEEvT_S3_
                0x080039ce       0x16 build/main.o
                0x080039ce                void std::_Destroy_aux<true>::__destroy<unsigned char*>(unsigned char*, unsigned char*)
 .text._ZSt3minIjERKT_S2_S2_
                0x080039e4       0x28 build/main.o
                0x080039e4                unsigned int const& std::min<unsigned int>(unsigned int const&, unsigned int const&)
 .text._ZNSt15__new_allocatorIhE8allocateEjPKv
                0x08003a0c       0x42 build/main.o
                0x08003a0c                std::__new_allocator<unsigned char>::allocate(unsigned int, void const*)
 .text._ZSt12__relocate_aIPhS0_SaIhEET0_T_S3_S2_RT1_
                0x08003a4e       0x3a build/main.o
                0x08003a4e                unsigned char* std::__relocate_a<unsigned char*, unsigned char*, std::allocator<unsigned char> >(unsigned char*, unsigned char*, unsigned char*, std::allocator<unsigned char>&)
 .text._ZSt4moveIRPhEONSt16remove_referenceIT_E4typeEOS3_
                0x08003a88       0x16 build/main.o
                0x08003a88                std::remove_reference<unsigned char*&>::type&& std::move<unsigned char*&>(unsigned char*&)
 .text._ZSt18uninitialized_copyISt13move_iteratorIPhES1_ET0_T_S4_S3_
                0x08003a9e       0x28 build/main.o
                0x08003a9e                unsigned char* std::uninitialized_copy<std::move_iterator<unsigned char*>, unsigned char*>(std::move_iterator<unsigned char*>, std::move_iterator<unsigned char*>, unsigned char*)
 .text._ZNSt15__new_allocatorIPN2ol2io15ControlListenerEE10deallocateEPS3_j
                0x08003ac6       0x20 build/main.o
                0x08003ac6                std::__new_allocator<ol::io::ControlListener*>::deallocate(ol::io::ControlListener**, unsigned int)
 .text._ZNSt12_Destroy_auxILb1EE9__destroyIPPN2ol2io15ControlListenerEEEvT_S7_
                0x08003ae6       0x16 build/main.o
                0x08003ae6                void std::_Destroy_aux<true>::__destroy<ol::io::ControlListener**>(ol::io::ControlListener**, ol::io::ControlListener**)
 .text._ZNSt20__uninitialized_copyILb1EE13__uninit_copyIN9__gnu_cxx17__normal_iteratorIPKhSt6vectorIhSaIhEEEEPhEET0_T_SC_SB_
                0x08003afc       0x20 build/main.o
                0x08003afc                unsigned char* std::__uninitialized_copy<true>::__uninit_copy<__gnu_cxx::__normal_iterator<unsigned char const*, std::vector<unsigned char, std::allocator<unsigned char> > >, unsigned char*>(__gnu_cxx::__normal_iterator<unsigned char const*, std::vector<unsigned char, std::allocator<unsigned char> > >, __gnu_cxx::__normal_iterator<unsigned char const*, std::vector<unsigned char, std::allocator<unsigned char> > >, unsigned char*)
 .text._ZSt18make_move_iteratorIPhESt13move_iteratorIT_ES2_
                0x08003b1c       0x2a build/main.o
                0x08003b1c                std::move_iterator<unsigned char*> std::make_move_iterator<unsigned char*>(unsigned char*)
 .text._ZSt12__miter_baseIPhET_S1_
                0x08003b46       0x16 build/main.o
                0x08003b46                unsigned char* std::__miter_base<unsigned char*>(unsigned char*)
 .text._ZSt22__copy_move_backward_aILb1EPhS0_ET1_T0_S2_S1_
                0x08003b5c       0x46 build/main.o
                0x08003b5c                unsigned char* std::__copy_move_backward_a<true, unsigned char*, unsigned char*>(unsigned char*, unsigned char*, unsigned char*)
 .text._ZSt12__miter_baseIN9__gnu_cxx17__normal_iteratorIPhSt6vectorIhSaIhEEEEET_S7_
                0x08003ba2       0x16 build/main.o
                0x08003ba2                __gnu_cxx::__normal_iterator<unsigned char*, std::vector<unsigned char, std::allocator<unsigned char> > > std::__miter_base<__gnu_cxx::__normal_iterator<unsigned char*, std::vector<unsigned char, std::allocator<unsigned char> > > >(__gnu_cxx::__normal_iterator<unsigned char*, std::vector<unsigned char, std::allocator<unsigned char> > >)
 .text._ZSt13__copy_move_aILb0EN9__gnu_cxx17__normal_iteratorIPhSt6vectorIhSaIhEEEES6_ET1_T0_S8_S7_
                0x08003bb8       0x42 build/main.o
                0x08003bb8                __gnu_cxx::__normal_iterator<unsigned char*, std::vector<unsigned char, std::allocator<unsigned char> > > std::__copy_move_a<false, __gnu_cxx::__normal_iterator<unsigned char*, std::vector<unsigned char, std::allocator<unsigned char> > >, __gnu_cxx::__normal_iterator<unsigned char*, std::vector<unsigned char, std::allocator<unsigned char> > > >(__gnu_cxx::__normal_iterator<unsigned char*, std::vector<unsigned char, std::allocator<unsigned char> > >, __gnu_cxx::__normal_iterator<unsigned char*, std::vector<unsigned char, std::allocator<unsigned char> > >, __gnu_cxx::__normal_iterator<unsigned char*, std::vector<unsigned char, std::allocator<unsigned char> > >)
 .text._ZSt9__advanceIN9__gnu_cxx17__normal_iteratorIPhSt6vectorIhSaIhEEEEiEvRT_T0_St26random_access_iterator_tag
                0x08003bfa       0x1c build/main.o
                0x08003bfa                void std::__advance<__gnu_cxx::__normal_iterator<unsigned char*, std::vector<unsigned char, std::allocator<unsigned char> > >, int>(__gnu_cxx::__normal_iterator<unsigned char*, std::vector<unsigned char, std::allocator<unsigned char> > >&, int, std::random_access_iterator_tag)
 .text._ZSt18uninitialized_copyIN9__gnu_cxx17__normal_iteratorIPhSt6vectorIhSaIhEEEES2_ET0_T_S8_S7_
                0x08003c16       0x28 build/main.o
                0x08003c16                unsigned char* std::uninitialized_copy<__gnu_cxx::__normal_iterator<unsigned char*, std::vector<unsigned char, std::allocator<unsigned char> > >, unsigned char*>(__gnu_cxx::__normal_iterator<unsigned char*, std::vector<unsigned char, std::allocator<unsigned char> > >, __gnu_cxx::__normal_iterator<unsigned char*, std::vector<unsigned char, std::allocator<unsigned char> > >, unsigned char*)
 .text._ZNKSt6vectorIPN2ol2io15ControlListenerESaIS3_EE12_M_check_lenEjPKc
                0x08003c3e       0x8e build/main.o
                0x08003c3e                std::vector<ol::io::ControlListener*, std::allocator<ol::io::ControlListener*> >::_M_check_len(unsigned int, char const*) const
 .text._ZN9__gnu_cxxmiIPPN2ol2io15ControlListenerESt6vectorIS4_SaIS4_EEEENS_17__normal_iteratorIT_T0_E15difference_typeERKSC_SF_
                0x08003ccc       0x2a build/main.o
                0x08003ccc                __gnu_cxx::__normal_iterator<ol::io::ControlListener**, std::vector<ol::io::ControlListener*, std::allocator<ol::io::ControlListener*> > >::difference_type __gnu_cxx::operator-<ol::io::ControlListener**, std::vector<ol::io::ControlListener*, std::allocator<ol::io::ControlListener*> > >(__gnu_cxx::__normal_iterator<ol::io::ControlListener**, std::vector<ol::io::ControlListener*, std::allocator<ol::io::ControlListener*> > > const&, __gnu_cxx::__normal_iterator<ol::io::ControlListener**, std::vector<ol::io::ControlListener*, std::allocator<ol::io::ControlListener*> > > const&)
 .text._ZNSt12_Vector_baseIPN2ol2io15ControlListenerESaIS3_EE11_M_allocateEj
                0x08003cf6       0x32 build/main.o
                0x08003cf6                std::_Vector_base<ol::io::ControlListener*, std::allocator<ol::io::ControlListener*> >::_M_allocate(unsigned int)
 .text._ZNSt6vectorIPN2ol2io15ControlListenerESaIS3_EE11_S_relocateEPS3_S6_S6_RS4_
                0x08003d28       0x28 build/main.o
                0x08003d28                std::vector<ol::io::ControlListener*, std::allocator<ol::io::ControlListener*> >::_S_relocate(ol::io::ControlListener**, ol::io::ControlListener**, ol::io::ControlListener**, std::allocator<ol::io::ControlListener*>&)
 .text._ZSt34__uninitialized_move_if_noexcept_aIPPN2ol2io15ControlListenerES4_SaIS3_EET0_T_S7_S6_RT1_
                0x08003d50       0x32 build/main.o
                0x08003d50                ol::io::ControlListener** std::__uninitialized_move_if_noexcept_a<ol::io::ControlListener**, ol::io::ControlListener**, std::allocator<ol::io::ControlListener*> >(ol::io::ControlListener**, ol::io::ControlListener**, ol::io::ControlListener**, std::allocator<ol::io::ControlListener*>&)
 .text._ZNSt15_Deque_iteratorIN2ol3ctl7ControlERS2_PS2_EC2Ev
                0x08003d82       0x2e build/main.o
                0x08003d82                std::_Deque_iterator<ol::ctl::Control, ol::ctl::Control&, ol::ctl::Control*>::_Deque_iterator()
                0x08003d82                std::_Deque_iterator<ol::ctl::Control, ol::ctl::Control&, ol::ctl::Control*>::_Deque_iterator()
 .text._ZNSt15_Deque_iteratorIN2ol3ctl7ControlERS2_PS2_E14_S_buffer_sizeEv
                0x08003db0       0x10 build/main.o
                0x08003db0                std::_Deque_iterator<ol::ctl::Control, ol::ctl::Control&, ol::ctl::Control*>::_S_buffer_size()
 .text._ZNKSt11_Deque_baseIN2ol3ctl7ControlESaIS2_EE19_M_get_Tp_allocatorEv
                0x08003dc0       0x16 build/main.o
                0x08003dc0                std::_Deque_base<ol::ctl::Control, std::allocator<ol::ctl::Control> >::_M_get_Tp_allocator() const
 .text._ZNSt15__new_allocatorIPN2ol3ctl7ControlEED2Ev
                0x08003dd6       0x16 build/main.o
                0x08003dd6                std::__new_allocator<ol::ctl::Control*>::~__new_allocator()
                0x08003dd6                std::__new_allocator<ol::ctl::Control*>::~__new_allocator()
 .text._ZNSt15__new_allocatorIPN2ol3ctl7ControlEE10deallocateEPS3_j
                0x08003dec       0x20 build/main.o
                0x08003dec                std::__new_allocator<ol::ctl::Control*>::deallocate(ol::ctl::Control**, unsigned int)
 .text._ZStmiRKSt15_Deque_iteratorIN2ol3ctl7ControlERS2_PS2_ES7_
                0x08003e0c       0x58 build/main.o
                0x08003e0c                std::operator-(std::_Deque_iterator<ol::ctl::Control, ol::ctl::Control&, ol::ctl::Control*> const&, std::_Deque_iterator<ol::ctl::Control, ol::ctl::Control&, ol::ctl::Control*> const&)
 .text._ZNSt5dequeIN2ol3ctl7ControlESaIS2_EE11_S_max_sizeERKS3_
                0x08003e64       0x40 build/main.o
                0x08003e64                std::deque<ol::ctl::Control, std::allocator<ol::ctl::Control> >::_S_max_size(std::allocator<ol::ctl::Control> const&)
 .text._ZNSt5dequeIN2ol3ctl7ControlESaIS2_EE17_M_reallocate_mapEjb
                0x08003ea4      0x134 build/main.o
                0x08003ea4                std::deque<ol::ctl::Control, std::allocator<ol::ctl::Control> >::_M_reallocate_map(unsigned int, bool)
 .text._ZSt12__niter_baseIPhET_S1_
                0x08003fd8       0x16 build/main.o
                0x08003fd8                unsigned char* std::__niter_base<unsigned char*>(unsigned char*)
 .text._ZSt14__relocate_a_1IhhENSt9enable_ifIXsrSt24__is_bitwise_relocatableIT_vE5valueEPS2_E4typeES4_S4_S4_RSaIT0_E
                0x08003fee       0x36 build/main.o
                0x08003fee                std::enable_if<std::__is_bitwise_relocatable<unsigned char, void>::value, unsigned char*>::type std::__relocate_a_1<unsigned char, unsigned char>(unsigned char*, unsigned char*, unsigned char*, std::allocator<unsigned char>&)
 .text._ZNSt20__uninitialized_copyILb1EE13__uninit_copyISt13move_iteratorIPhES3_EET0_T_S6_S5_
                0x08004024       0x20 build/main.o
                0x08004024                unsigned char* std::__uninitialized_copy<true>::__uninit_copy<std::move_iterator<unsigned char*>, unsigned char*>(std::move_iterator<unsigned char*>, std::move_iterator<unsigned char*>, unsigned char*)
 .text._ZSt4copyIN9__gnu_cxx17__normal_iteratorIPKhSt6vectorIhSaIhEEEEPhET0_T_SA_S9_
                0x08004044       0x30 build/main.o
                0x08004044                unsigned char* std::copy<__gnu_cxx::__normal_iterator<unsigned char const*, std::vector<unsigned char, std::allocator<unsigned char> > >, unsigned char*>(__gnu_cxx::__normal_iterator<unsigned char const*, std::vector<unsigned char, std::allocator<unsigned char> > >, __gnu_cxx::__normal_iterator<unsigned char const*, std::vector<unsigned char, std::allocator<unsigned char> > >, unsigned char*)
 .text._ZSt23__copy_move_backward_a1ILb1EPhS0_ET1_T0_S2_S1_
                0x08004074       0x20 build/main.o
                0x08004074                unsigned char* std::__copy_move_backward_a1<true, unsigned char*, unsigned char*>(unsigned char*, unsigned char*, unsigned char*)
 .text._ZSt12__niter_wrapIPhET_RKS1_S1_
                0x08004094       0x18 build/main.o
                0x08004094                unsigned char* std::__niter_wrap<unsigned char*>(unsigned char* const&, unsigned char*)
 .text._ZSt12__niter_baseIPhSt6vectorIhSaIhEEET_N9__gnu_cxx17__normal_iteratorIS4_T0_EE
                0x080040ac       0x1c build/main.o
                0x080040ac                unsigned char* std::__niter_base<unsigned char*, std::vector<unsigned char, std::allocator<unsigned char> > >(__gnu_cxx::__normal_iterator<unsigned char*, std::vector<unsigned char, std::allocator<unsigned char> > >)
 .text._ZSt14__copy_move_a1ILb0EPhS0_ET1_T0_S2_S1_
                0x080040c8       0x20 build/main.o
                0x080040c8                unsigned char* std::__copy_move_a1<false, unsigned char*, unsigned char*>(unsigned char*, unsigned char*, unsigned char*)
 .text._ZSt12__niter_wrapIN9__gnu_cxx17__normal_iteratorIPhSt6vectorIhSaIhEEEES2_ET_S7_T0_
                0x080040e8       0x2a build/main.o
                0x080040e8                __gnu_cxx::__normal_iterator<unsigned char*, std::vector<unsigned char, std::allocator<unsigned char> > > std::__niter_wrap<__gnu_cxx::__normal_iterator<unsigned char*, std::vector<unsigned char, std::allocator<unsigned char> > >, unsigned char*>(__gnu_cxx::__normal_iterator<unsigned char*, std::vector<unsigned char, std::allocator<unsigned char> > >, unsigned char*)
 .text._ZN9__gnu_cxx17__normal_iteratorIPhSt6vectorIhSaIhEEEpLEi
                0x08004112       0x24 build/main.o
                0x08004112                __gnu_cxx::__normal_iterator<unsigned char*, std::vector<unsigned char, std::allocator<unsigned char> > >::operator+=(int)
 .text._ZNSt20__uninitialized_copyILb1EE13__uninit_copyIN9__gnu_cxx17__normal_iteratorIPhSt6vectorIhSaIhEEEES4_EET0_T_SA_S9_
                0x08004136       0x20 build/main.o
                0x08004136                unsigned char* std::__uninitialized_copy<true>::__uninit_copy<__gnu_cxx::__normal_iterator<unsigned char*, std::vector<unsigned char, std::allocator<unsigned char> > >, unsigned char*>(__gnu_cxx::__normal_iterator<unsigned char*, std::vector<unsigned char, std::allocator<unsigned char> > >, __gnu_cxx::__normal_iterator<unsigned char*, std::vector<unsigned char, std::allocator<unsigned char> > >, unsigned char*)
 .text._ZNKSt6vectorIPN2ol2io15ControlListenerESaIS3_EE8max_sizeEv
                0x08004156       0x22 build/main.o
                0x08004156                std::vector<ol::io::ControlListener*, std::allocator<ol::io::ControlListener*> >::max_size() const
 .text._ZNKSt6vectorIPN2ol2io15ControlListenerESaIS3_EE4sizeEv
                0x08004178       0x20 build/main.o
                0x08004178                std::vector<ol::io::ControlListener*, std::allocator<ol::io::ControlListener*> >::size() const
 .text._ZNSt6vectorIPN2ol2io15ControlListenerESaIS3_EE14_S_do_relocateEPS3_S6_S6_RS4_St17integral_constantIbLb1EE
                0x08004198       0x24 build/main.o
                0x08004198                std::vector<ol::io::ControlListener*, std::allocator<ol::io::ControlListener*> >::_S_do_relocate(ol::io::ControlListener**, ol::io::ControlListener**, ol::io::ControlListener**, std::allocator<ol::io::ControlListener*>&, std::integral_constant<bool, true>)
 .text._ZSt32__make_move_if_noexcept_iteratorIPN2ol2io15ControlListenerESt13move_iteratorIPS3_EET0_PT_
                0x080041bc       0x1e build/main.o
                0x080041bc                std::move_iterator<ol::io::ControlListener**> std::__make_move_if_noexcept_iterator<ol::io::ControlListener*, std::move_iterator<ol::io::ControlListener**> >(ol::io::ControlListener**)
 .text._ZSt22__uninitialized_copy_aISt13move_iteratorIPPN2ol2io15ControlListenerEES5_S4_ET0_T_S8_S7_RSaIT1_E
                0x080041da       0x22 build/main.o
                0x080041da                ol::io::ControlListener** std::__uninitialized_copy_a<std::move_iterator<ol::io::ControlListener**>, ol::io::ControlListener**, ol::io::ControlListener*>(std::move_iterator<ol::io::ControlListener**>, std::move_iterator<ol::io::ControlListener**>, ol::io::ControlListener**, std::allocator<ol::io::ControlListener*>&)
 .text._ZNSt15__new_allocatorIPN2ol3ctl7ControlEE8allocateEjPKv
                0x080041fc       0x52 build/main.o
                0x080041fc                std::__new_allocator<ol::ctl::Control*>::allocate(unsigned int, void const*)
 .text._ZNSt15__new_allocatorIN2ol3ctl7ControlEE10deallocateEPS2_j
                0x0800424e       0x20 build/main.o
                0x0800424e                std::__new_allocator<ol::ctl::Control>::deallocate(ol::ctl::Control*, unsigned int)
 .text._ZSt4copyIPPN2ol3ctl7ControlES4_ET0_T_S6_S5_
                0x0800426e       0x30 build/main.o
                0x0800426e                ol::ctl::Control** std::copy<ol::ctl::Control**, ol::ctl::Control**>(ol::ctl::Control**, ol::ctl::Control**, ol::ctl::Control**)
 .text._ZSt13copy_backwardIPPN2ol3ctl7ControlES4_ET0_T_S6_S5_
                0x0800429e       0x30 build/main.o
                0x0800429e                ol::ctl::Control** std::copy_backward<ol::ctl::Control**, ol::ctl::Control**>(ol::ctl::Control**, ol::ctl::Control**, ol::ctl::Control**)
 .text._ZNSt15__new_allocatorIN2ol3ctl7ControlEE8allocateEjPKv
                0x080042ce       0x52 build/main.o
                0x080042ce                std::__new_allocator<ol::ctl::Control>::allocate(unsigned int, void const*)
 .text._ZSt4copyISt13move_iteratorIPhES1_ET0_T_S4_S3_
                0x08004320       0x30 build/main.o
                0x08004320                unsigned char* std::copy<std::move_iterator<unsigned char*>, unsigned char*>(std::move_iterator<unsigned char*>, std::move_iterator<unsigned char*>, unsigned char*)
 .text._ZSt12__miter_baseIN9__gnu_cxx17__normal_iteratorIPKhSt6vectorIhSaIhEEEEET_S8_
                0x08004350       0x16 build/main.o
                0x08004350                __gnu_cxx::__normal_iterator<unsigned char const*, std::vector<unsigned char, std::allocator<unsigned char> > > std::__miter_base<__gnu_cxx::__normal_iterator<unsigned char const*, std::vector<unsigned char, std::allocator<unsigned char> > > >(__gnu_cxx::__normal_iterator<unsigned char const*, std::vector<unsigned char, std::allocator<unsigned char> > >)
 .text._ZSt13__copy_move_aILb0EN9__gnu_cxx17__normal_iteratorIPKhSt6vectorIhSaIhEEEEPhET1_T0_SA_S9_
                0x08004366       0x46 build/main.o
                0x08004366                unsigned char* std::__copy_move_a<false, __gnu_cxx::__normal_iterator<unsigned char const*, std::vector<unsigned char, std::allocator<unsigned char> > >, unsigned char*>(__gnu_cxx::__normal_iterator<unsigned char const*, std::vector<unsigned char, std::allocator<unsigned char> > >, __gnu_cxx::__normal_iterator<unsigned char const*, std::vector<unsigned char, std::allocator<unsigned char> > >, unsigned char*)
 .text._ZSt23__copy_move_backward_a2ILb1EPhS0_ET1_T0_S2_S1_
                0x080043ac       0x20 build/main.o
                0x080043ac                unsigned char* std::__copy_move_backward_a2<true, unsigned char*, unsigned char*>(unsigned char*, unsigned char*, unsigned char*)
 .text._ZSt14__copy_move_a2ILb0EPhS0_ET1_T0_S2_S1_
                0x080043cc       0x20 build/main.o
                0x080043cc                unsigned char* std::__copy_move_a2<false, unsigned char*, unsigned char*>(unsigned char*, unsigned char*, unsigned char*)
 .text._ZSt4copyIN9__gnu_cxx17__normal_iteratorIPhSt6vectorIhSaIhEEEES2_ET0_T_S8_S7_
                0x080043ec       0x30 build/main.o
                0x080043ec                unsigned char* std::copy<__gnu_cxx::__normal_iterator<unsigned char*, std::vector<unsigned char, std::allocator<unsigned char> > >, unsigned char*>(__gnu_cxx::__normal_iterator<unsigned char*, std::vector<unsigned char, std::allocator<unsigned char> > >, __gnu_cxx::__normal_iterator<unsigned char*, std::vector<unsigned char, std::allocator<unsigned char> > >, unsigned char*)
 .text._ZNSt6vectorIPN2ol2io15ControlListenerESaIS3_EE11_S_max_sizeERKS4_
                0x0800441c       0x40 build/main.o
                0x0800441c                std::vector<ol::io::ControlListener*, std::allocator<ol::io::ControlListener*> >::_S_max_size(std::allocator<ol::io::ControlListener*> const&)
 .text._ZNKSt12_Vector_baseIPN2ol2io15ControlListenerESaIS3_EE19_M_get_Tp_allocatorEv
                0x0800445c       0x16 build/main.o
                0x0800445c                std::_Vector_base<ol::io::ControlListener*, std::allocator<ol::io::ControlListener*> >::_M_get_Tp_allocator() const
 .text._ZNSt15__new_allocatorIPN2ol2io15ControlListenerEE8allocateEjPKv
                0x08004472       0x52 build/main.o
                0x08004472                std::__new_allocator<ol::io::ControlListener*>::allocate(unsigned int, void const*)
 .text._ZSt12__relocate_aIPPN2ol2io15ControlListenerES4_SaIS3_EET0_T_S7_S6_RT1_
                0x080044c4       0x3a build/main.o
                0x080044c4                ol::io::ControlListener** std::__relocate_a<ol::io::ControlListener**, ol::io::ControlListener**, std::allocator<ol::io::ControlListener*> >(ol::io::ControlListener**, ol::io::ControlListener**, ol::io::ControlListener**, std::allocator<ol::io::ControlListener*>&)
 .text._ZNSt13move_iteratorIPPN2ol2io15ControlListenerEEC2ES4_
                0x080044fe       0x24 build/main.o
                0x080044fe                std::move_iterator<ol::io::ControlListener**>::move_iterator(ol::io::ControlListener**)
                0x080044fe                std::move_iterator<ol::io::ControlListener**>::move_iterator(ol::io::ControlListener**)
 .text._ZSt18uninitialized_copyISt13move_iteratorIPPN2ol2io15ControlListenerEES5_ET0_T_S8_S7_
                0x08004522       0x28 build/main.o
                0x08004522                ol::io::ControlListener** std::uninitialized_copy<std::move_iterator<ol::io::ControlListener**>, ol::io::ControlListener**>(std::move_iterator<ol::io::ControlListener**>, std::move_iterator<ol::io::ControlListener**>, ol::io::ControlListener**)
 .text._ZSt12__miter_baseIPPN2ol3ctl7ControlEET_S5_